Component: ARM Compiler 5.06 update 7 (build 960) Tool: armlink [4d3601]

==============================================================================

Section Cross References

    main.o(i.main) refers to rt_cmsis.o(i.osKernelInitialize) for osKernelInitialize
    main.o(i.main) refers to thread.o(i.Init_Thread) for Init_Thread
    main.o(i.main) refers to rt_cmsis.o(i.osKernelStart) for osKernelStart
    main.o(i.main) refers to rt_cmsis.o(i.osDelay) for osDelay
    thread.o(i.Init_Thread) refers to rt_cmsis.o(i.osThreadCreate) for osThreadCreate
    thread.o(i.Init_Thread) refers to thread.o(.constdata) for os_thread_def_ThreadA
    thread.o(i.Init_Thread) refers to thread.o(.data) for tid_Thread
    thread.o(i.ThreadA) refers to dflti.o(.text) for __aeabi_i2d
    thread.o(i.ThreadA) refers to dadd.o(.text) for __aeabi_dadd
    thread.o(i.ThreadA) refers to rt_cmsis.o(i.osThreadYield) for osThreadYield
    thread.o(i.ThreadA) refers to rt_cmsis.o(i.osThreadTerminate) for osThreadTerminate
    thread.o(i.ThreadA) refers to thread.o(.data) for x
    thread.o(i.ThreadB) refers to thread.o(i.fact) for fact
    thread.o(i.ThreadB) refers to dflti.o(.text) for __aeabi_i2d
    thread.o(i.ThreadB) refers to pow.o(i.pow) for pow
    thread.o(i.ThreadB) refers to ddiv.o(.text) for __aeabi_ddiv
    thread.o(i.ThreadB) refers to dadd.o(.text) for __aeabi_dadd
    thread.o(i.ThreadB) refers to rt_cmsis.o(i.osThreadYield) for osThreadYield
    thread.o(i.ThreadB) refers to rt_cmsis.o(i.osThreadTerminate) for osThreadTerminate
    thread.o(i.ThreadB) refers to thread.o(.data) for n
    thread.o(i.ThreadC) refers to dflti.o(.text) for __aeabi_i2d
    thread.o(i.ThreadC) refers to ddiv.o(.text) for __aeabi_ddiv
    thread.o(i.ThreadC) refers to dadd.o(.text) for __aeabi_dadd
    thread.o(i.ThreadC) refers to rt_cmsis.o(i.osThreadYield) for osThreadYield
    thread.o(i.ThreadC) refers to rt_cmsis.o(i.osThreadTerminate) for osThreadTerminate
    thread.o(i.ThreadC) refers to thread.o(.data) for nc
    thread.o(i.ThreadD) refers to thread.o(i.fact) for fact
    thread.o(i.ThreadD) refers to dflti.o(.text) for __aeabi_i2d
    thread.o(i.ThreadD) refers to pow.o(i.pow) for pow
    thread.o(i.ThreadD) refers to ddiv.o(.text) for __aeabi_ddiv
    thread.o(i.ThreadD) refers to dadd.o(.text) for __aeabi_dadd
    thread.o(i.ThreadD) refers to rt_cmsis.o(i.osThreadYield) for osThreadYield
    thread.o(i.ThreadD) refers to rt_cmsis.o(i.osThreadTerminate) for osThreadTerminate
    thread.o(i.ThreadD) refers to thread.o(.data) for g
    thread.o(i.ThreadE) refers to dflti.o(.text) for __aeabi_i2d
    thread.o(i.ThreadE) refers to pow.o(i.pow) for pow
    thread.o(i.ThreadE) refers to dmul.o(.text) for __aeabi_dmul
    thread.o(i.ThreadE) refers to dadd.o(.text) for __aeabi_dadd
    thread.o(i.ThreadE) refers to rt_cmsis.o(i.osThreadYield) for osThreadYield
    thread.o(i.ThreadE) refers to rt_cmsis.o(i.osThreadTerminate) for osThreadTerminate
    thread.o(i.ThreadE) refers to thread.o(.data) for e
    thread.o(i.fact) refers to dflti.o(.text) for __aeabi_i2d
    thread.o(i.fact) refers to dmul.o(.text) for __aeabi_dmul
    thread.o(.constdata) refers to thread.o(i.ThreadA) for ThreadA
    thread.o(.constdata) refers to thread.o(i.ThreadB) for ThreadB
    thread.o(.constdata) refers to thread.o(i.ThreadC) for ThreadC
    thread.o(.constdata) refers to thread.o(i.ThreadD) for ThreadD
    thread.o(.constdata) refers to thread.o(i.ThreadE) for ThreadE
    rtx_conf_cm.o(.ARM.Collect$$$$000000FF) refers to rt_cmsis.o(i.osKernelInitialize) for osKernelInitialize
    rtx_conf_cm.o(.ARM.Collect$$$$000000FF) refers to rt_cmsis.o(i.osThreadCreate) for osThreadCreate
    rtx_conf_cm.o(.ARM.Collect$$$$000000FF) refers to rt_cmsis.o(i.osKernelStart) for osKernelStart
    rtx_conf_cm.o(.ARM.Collect$$$$000000FF) refers to rtx_conf_cm.o(.constdata) for .constdata
    rtx_conf_cm.o(.constdata) refers to rt_cmsis.o(i.osTimerThread) for osTimerThread
    rtx_conf_cm.o(.constdata) refers to rtx_conf_cm.o(.bss) for os_messageQ_q_osTimerMessageQ
    rtx_conf_cm.o(.constdata) refers to main.o(i.main) for main
    startup_lpc17xx.o(RESET) refers to startup_lpc17xx.o(STACK) for __initial_sp
    startup_lpc17xx.o(RESET) refers to startup_lpc17xx.o(.text) for Reset_Handler
    startup_lpc17xx.o(RESET) refers to hal_cm3.o(.emb_text) for SVC_Handler
    startup_lpc17xx.o(.text) refers to system_lpc17xx.o(i.SystemInit) for SystemInit
    startup_lpc17xx.o(.text) refers to entry.o(.ARM.Collect$$$$00000000) for __main
    system_lpc17xx.o(i.SystemCoreClockUpdate) refers to uldiv.o(.text) for __aeabi_uldivmod
    system_lpc17xx.o(i.SystemCoreClockUpdate) refers to system_lpc17xx.o(.data) for SystemCoreClock
    rt_cmsis.o(i.isrMessageGet) refers to rt_mailbox.o(i.isr_mbx_receive) for isr_mbx_receive
    rt_cmsis.o(i.isrMessagePut) refers to rt_mailbox.o(i.rt_mbx_check) for rt_mbx_check
[...]
    rt_list.o(i.rt_dec_dly) refers to rt_list.o(i.rt_put_prio) for rt_put_prio
    rt_list.o(i.rt_dec_dly) refers to rt_list.o(.bss) for .bss
    rt_list.o(i.rt_dec_dly) refers to rt_time.o(.data) for os_time
    rt_list.o(i.rt_get_same_rdy_prio) refers to rt_list.o(.bss) for .bss
    rt_list.o(i.rt_get_same_rdy_prio) refers to rt_task.o(.data) for os_tsk
    rt_list.o(i.rt_psq_enq) refers to rtx_conf_cm.o(i.os_error) for os_error
    rt_list.o(i.rt_psq_enq) refers to rtx_conf_cm.o(.bss) for os_fifo
    rt_list.o(i.rt_put_dly) refers to rt_list.o(.bss) for .bss
    rt_list.o(i.rt_put_rdy_first) refers to rt_list.o(.bss) for .bss
    rt_list.o(i.rt_resort_prio) refers to rt_list.o(i.rt_rmv_list) for rt_rmv_list
    rt_list.o(i.rt_resort_prio) refers to rt_list.o(i.rt_put_prio) for rt_put_prio
    rt_list.o(i.rt_resort_prio) refers to rt_list.o(.bss) for .bss
    rt_list.o(i.rt_rmv_list) refers to rt_list.o(.bss) for .bss
    rt_mailbox.o(i.isr_mbx_receive) refers to rt_list.o(i.rt_psq_enq) for rt_psq_enq
    rt_mailbox.o(i.isr_mbx_receive) refers to rt_system.o(i.rt_psh_req) for rt_psh_req
    rt_mailbox.o(i.isr_mbx_send) refers to rt_list.o(i.rt_psq_enq) for rt_psq_enq
    rt_mailbox.o(i.isr_mbx_send) refers to rt_system.o(i.rt_psh_req) for rt_psh_req
    rt_mailbox.o(i.rt_mbx_psh) refers to rt_membox.o(i.rt_alloc_box) for rt_alloc_box
    rt_mailbox.o(i.rt_mbx_psh) refers to rt_list.o(i.rt_get_first) for rt_get_first
    rt_mailbox.o(i.rt_mbx_psh) refers to hal_cm.o(i.rt_ret_val) for rt_ret_val
    rt_mailbox.o(i.rt_mbx_psh) refers to rt_list.o(i.rt_rmv_dly) for rt_rmv_dly
    rt_mailbox.o(i.rt_mbx_psh) refers to rt_list.o(i.rt_put_prio) for rt_put_prio
    rt_mailbox.o(i.rt_mbx_psh) refers to hal_cm.o(i.rt_ret_val2) for rt_ret_val2
    rt_mailbox.o(i.rt_mbx_psh) refers to rtx_conf_cm.o(i.os_error) for os_error
    rt_mailbox.o(i.rt_mbx_psh) refers to rt_list.o(.bss) for os_rdy
    rt_mailbox.o(i.rt_mbx_send) refers to rt_list.o(i.rt_put_prio) for rt_put_prio
    rt_mailbox.o(i.rt_mbx_send) refers to rt_list.o(i.rt_get_first) for rt_get_first
    rt_mailbox.o(i.rt_mbx_send) refers to hal_cm.o(i.rt_ret_val2) for rt_ret_val2
    rt_mailbox.o(i.rt_mbx_send) refers to rt_list.o(i.rt_rmv_dly) for rt_rmv_dly
    rt_mailbox.o(i.rt_mbx_send) refers to rt_task.o(i.rt_dispatch) for rt_dispatch
    rt_mailbox.o(i.rt_mbx_send) refers to rt_task.o(i.rt_block) for rt_block
    rt_mailbox.o(i.rt_mbx_send) refers to rt_task.o(.data) for os_tsk
    rt_mailbox.o(i.rt_mbx_wait) refers to rt_list.o(i.rt_get_first) for rt_get_first
    rt_mailbox.o(i.rt_mbx_wait) refers to hal_cm.o(i.rt_ret_val) for rt_ret_val
    rt_mailbox.o(i.rt_mbx_wait) refers to rt_list.o(i.rt_rmv_dly) for rt_rmv_dly
    rt_mailbox.o(i.rt_mbx_wait) refers to rt_task.o(i.rt_dispatch) for rt_dispatch
    rt_mailbox.o(i.rt_mbx_wait) refers to rt_list.o(i.rt_put_prio) for rt_put_prio
    rt_mailbox.o(i.rt_mbx_wait) refers to rt_task.o(i.rt_block) for rt_block
    rt_mailbox.o(i.rt_mbx_wait) refers to rt_task.o(.data) for os_tsk
    rt_semaphore.o(i.isr_sem_send) refers to rt_list.o(i.rt_psq_enq) for rt_psq_enq
    rt_semaphore.o(i.isr_sem_send) refers to rt_system.o(i.rt_psh_req) for rt_psh_req
    rt_semaphore.o(i.rt_sem_delete) refers to rt_list.o(i.rt_get_first) for rt_get_first
    rt_semaphore.o(i.rt_sem_delete) refers to hal_cm.o(i.rt_ret_val) for rt_ret_val
    rt_semaphore.o(i.rt_sem_delete) refers to rt_list.o(i.rt_rmv_dly) for rt_rmv_dly
    rt_semaphore.o(i.rt_sem_delete) refers to rt_list.o(i.rt_put_prio) for rt_put_prio
    rt_semaphore.o(i.rt_sem_delete) refers to rt_task.o(i.rt_dispatch) for rt_dispatch
    rt_semaphore.o(i.rt_sem_delete) refers to rt_list.o(.bss) for os_rdy
    rt_semaphore.o(i.rt_sem_delete) refers to rt_task.o(.data) for os_tsk
    rt_semaphore.o(i.rt_sem_psh) refers to rt_list.o(i.rt_get_first) for rt_get_first
    rt_semaphore.o(i.rt_sem_psh) refers to rt_list.o(i.rt_rmv_dly) for rt_rmv_dly
    rt_semaphore.o(i.rt_sem_psh) refers to hal_cm.o(i.rt_ret_val) for rt_ret_val
    rt_semaphore.o(i.rt_sem_psh) refers to rt_list.o(i.rt_put_prio) for rt_put_prio
    rt_semaphore.o(i.rt_sem_psh) refers to rt_list.o(.bss) for os_rdy
    rt_semaphore.o(i.rt_sem_send) refers to rt_list.o(i.rt_get_first) for rt_get_first
    rt_semaphore.o(i.rt_sem_send) refers to hal_cm.o(i.rt_ret_val) for rt_ret_val
    rt_semaphore.o(i.rt_sem_send) refers to rt_list.o(i.rt_rmv_dly) for rt_rmv_dly
    rt_semaphore.o(i.rt_sem_send) refers to rt_task.o(i.rt_dispatch) for rt_dispatch
    rt_semaphore.o(i.rt_sem_wait) refers to rt_list.o(i.rt_put_prio) for rt_put_prio
    rt_semaphore.o(i.rt_sem_wait) refers to rt_task.o(i.rt_block) for rt_block
    rt_semaphore.o(i.rt_sem_wait) refers to rt_task.o(.data) for os_tsk
    rt_time.o(i.rt_dly_wait) refers to rt_task.o(i.rt_block) for rt_block
    rt_time.o(i.rt_itv_set) refers to rt_task.o(.data) for os_tsk
    rt_time.o(i.rt_itv_set) refers to rt_time.o(.data) for .data
    rt_time.o(i.rt_itv_wait) refers to rt_task.o(i.rt_block) for rt_block
    rt_time.o(i.rt_itv_wait) refers to rt_task.o(.data) for os_tsk
    rt_time.o(i.rt_itv_wait) refers to rt_time.o(.data) for .data
    rt_time.o(i.rt_time_get) refers to rt_time.o(.data) for .data
    rt_mutex.o(i.rt_mut_delete) refers to rt_list.o(i.rt_resort_prio) for rt_resort_prio
    rt_mutex.o(i.rt_mut_delete) refers to rt_list.o(i.rt_get_first) for rt_get_first
    rt_mutex.o(i.rt_mut_delete) refers to hal_cm.o(i.rt_ret_val) for rt_ret_val
    rt_mutex.o(i.rt_mut_delete) refers to rt_list.o(i.rt_rmv_dly) for rt_rmv_dly
    rt_mutex.o(i.rt_mut_delete) refers to rt_list.o(i.rt_put_prio) for rt_put_prio
    rt_mutex.o(i.rt_mut_delete) refers to rt_task.o(i.rt_dispatch) for rt_dispatch
    rt_mutex.o(i.rt_mut_delete) refers to rt_task.o(.data) for os_tsk
    rt_mutex.o(i.rt_mut_delete) refers to rt_list.o(.bss) for os_rdy
    rt_mutex.o(i.rt_mut_release) refers to rt_list.o(i.rt_get_first) for rt_get_first
    rt_mutex.o(i.rt_mut_release) refers to hal_cm.o(i.rt_ret_val) for rt_ret_val
    rt_mutex.o(i.rt_mut_release) refers to rt_list.o(i.rt_rmv_dly) for rt_rmv_dly
    rt_mutex.o(i.rt_mut_release) refers to rt_list.o(i.rt_put_prio) for rt_put_prio
    rt_mutex.o(i.rt_mut_release) refers to rt_task.o(i.rt_dispatch) for rt_dispatch
    rt_mutex.o(i.rt_mut_release) refers to rt_task.o(.data) for os_tsk
    rt_mutex.o(i.rt_mut_release) refers to rt_list.o(.bss) for os_rdy
    rt_mutex.o(i.rt_mut_wait) refers to rt_list.o(i.rt_resort_prio) for rt_resort_prio
    rt_mutex.o(i.rt_mut_wait) refers to rt_list.o(i.rt_put_prio) for rt_put_prio
    rt_mutex.o(i.rt_mut_wait) refers to rt_task.o(i.rt_block) for rt_block
    rt_mutex.o(i.rt_mut_wait) refers to rt_task.o(.data) for os_tsk
    rt_membox.o(i._calloc_box) refers to hal_cm3.o(.emb_text) for _alloc_box
    hal_cm.o(i.dbg_init) refers to hal_cm.o(.data) for .data
    hal_cm.o(i.rt_init_stack) refers to rtx_conf_cm.o(.constdata) for os_stackinfo
    rt_robin.o(i.rt_chk_robin) refers to rt_list.o(i.rt_get_first) for rt_get_first
    rt_robin.o(i.rt_chk_robin) refers to rt_list.o(i.rt_put_prio) for rt_put_prio
    rt_robin.o(i.rt_chk_robin) refers to rt_robin.o(.data) for .data
    rt_robin.o(i.rt_chk_robin) refers to rt_list.o(.bss) for os_rdy
    rt_robin.o(i.rt_chk_robin) refers to rt_time.o(.data) for os_time
    rt_robin.o(i.rt_init_robin) refers to rt_robin.o(.data) for .data
    rt_robin.o(i.rt_init_robin) refers to rtx_conf_cm.o(.constdata) for os_rrobin
    hal_cm3.o(.emb_text) refers to rtx_conf_cm.o(.constdata) for os_flags
    hal_cm3.o(.emb_text) refers to rt_membox.o(i.rt_alloc_box) for rt_alloc_box
    hal_cm3.o(.emb_text) refers to rt_membox.o(i.rt_free_box) for rt_free_box
    hal_cm3.o(.emb_text) refers to rt_system.o(i.rt_stk_check) for rt_stk_check
    hal_cm3.o(.emb_text) refers to rt_task.o(.data) for os_tsk
    hal_cm3.o(.emb_text) refers to svc_table.o(SVC_TABLE) for SVC_Count
    hal_cm3.o(.emb_text) refers to rt_system.o(i.rt_pop_req) for rt_pop_req
    hal_cm3.o(.emb_text) refers to rt_system.o(i.rt_systick) for rt_systick
    hal_cm3.o(.emb_text) refers to rt_system.o(i.os_tick_irqack) for os_tick_irqack
    pow.o(i.__softfp_pow) refers (Special) to iusefp.o(.text) for __I$use$fp
    pow.o(i.__softfp_pow) refers to pow.o(i.pow) for pow
    pow.o(i.pow) refers (Special) to iusefp.o(.text) for __I$use$fp
    pow.o(i.pow) refers to dunder.o(i.__mathlib_dbl_infnan2) for __mathlib_dbl_infnan2
    pow.o(i.pow) refers to errno.o(i.__set_errno) for __set_errno
    pow.o(i.pow) refers to dunder.o(i.__mathlib_dbl_divzero) for __mathlib_dbl_divzero
    pow.o(i.pow) refers to ddiv.o(.text) for __aeabi_ddiv
    pow.o(i.pow) refers to sqrt.o(i.sqrt) for sqrt
    pow.o(i.pow) refers to dmul.o(.text) for __aeabi_dmul
    pow.o(i.pow) refers to dflti.o(.text) for __aeabi_i2d
    pow.o(i.pow) refers to dunder.o(i.__mathlib_dbl_invalid) for __mathlib_dbl_invalid
    pow.o(i.pow) refers to dunder.o(i.__mathlib_dbl_overflow) for __mathlib_dbl_overflow
    pow.o(i.pow) refers to dunder.o(i.__mathlib_dbl_underflow) for __mathlib_dbl_underflow
    pow.o(i.pow) refers to dadd.o(.text) for __aeabi_dsub
    pow.o(i.pow) refers to dscalb.o(.text) for __ARM_scalbn
    pow.o(i.pow) refers to qnan.o(.constdata) for __mathlib_zero
    pow.o(i.pow) refers to poly.o(i.__kernel_poly) for __kernel_poly
    pow.o(i.pow) refers to cdrcmple.o(.text) for __aeabi_cdrcmple
    pow.o(i.pow) refers to pow.o(.constdata) for .constdata
    pow.o(i.pow) refers to fpclassify.o(i.__ARM_fpclassify) for __ARM_fpclassify
    pow.o(.constdata) refers (Special) to iusefp.o(.text) for __I$use$fp
    pow_x.o(i.____softfp_pow$lsc) refers (Special) to iusefp.o(.text) for __I$use$fp
    pow_x.o(i.____softfp_pow$lsc) refers to pow_x.o(i.__pow$lsc) for __pow$lsc
    pow_x.o(i.__pow$lsc) refers (Special) to iusefp.o(.text) for __I$use$fp
    pow_x.o(i.__pow$lsc) refers to dunder.o(i.__mathlib_dbl_infnan2) for __mathlib_dbl_infnan2
    pow_x.o(i.__pow$lsc) refers to errno.o(i.__set_errno) for __set_errno
    pow_x.o(i.__pow$lsc) refers to ddiv.o(.text) for __aeabi_ddiv
    pow_x.o(i.__pow$lsc) refers to sqrt.o(i.sqrt) for sqrt
    pow_x.o(i.__pow$lsc) refers to dmul.o(.text) for __aeabi_dmul
    pow_x.o(i.__pow$lsc) refers to dflti.o(.text) for __aeabi_i2d
    pow_x.o(i.__pow$lsc) refers to dadd.o(.text) for __aeabi_dsub
    pow_x.o(i.__pow$lsc) refers to dscalb.o(.text) for __ARM_scalbn
    pow_x.o(i.__pow$lsc) refers to qnan.o(.constdata) for __mathlib_zero
    pow_x.o(i.__pow$lsc) refers to poly.o(i.__kernel_poly) for __kernel_poly
    pow_x.o(i.__pow$lsc) refers to cdrcmple.o(.text) for __aeabi_cdrcmple
    pow_x.o(i.__pow$lsc) refers to pow_x.o(.constdata) for .constdata
    pow_x.o(.constdata) refers (Special) to iusefp.o(.text) for __I$use$fp
    entry.o(.ARM.Collect$$$$00000000) refers (Special) to entry10a.o(.ARM.Collect$$$$0000000F) for __rt_final_cpp
    entry.o(.ARM.Collect$$$$00000000) refers (Special) to entry11a.o(.ARM.Collect$$$$00000011) for __rt_final_exit
    entry.o(.ARM.Collect$$$$00000000) refers (Special) to entry12b.o(.ARM.Collect$$$$0000000E) for __rt_lib_shutdown_fini
    entry.o(.ARM.Collect$$$$00000000) refers (Special) to entry7b.o(.ARM.Collect$$$$00000008) for _main_clock
    entry.o(.ARM.Collect$$$$00000000) refers (Special) to entry8b.o(.ARM.Collect$$$$0000000A) for _main_cpp_init
    entry.o(.ARM.Collect$$$$00000000) refers (Special) to rtx_conf_cm.o(.ARM.Collect$$$$000000FF) for _main_init
    entry.o(.ARM.Collect$$$$00000000) refers (Special) to entry5.o(.ARM.Collect$$$$00000004) for _main_scatterload
    entry.o(.ARM.Collect$$$$00000000) refers (Special) to entry2.o(.ARM.Collect$$$$00000001) for _main_stk
    uldiv.o(.text) refers to llushr.o(.text) for __aeabi_llsr
    uldiv.o(.text) refers to llshl.o(.text) for __aeabi_llsl
    dadd.o(.text) refers (Special) to iusefp.o(.text) for __I$use$fp
    dadd.o(.text) refers to llshl.o(.text) for __aeabi_llsl
    dadd.o(.text) refers to llsshr.o(.text) for __aeabi_lasr
    dadd.o(.text) refers to depilogue.o(.text) for _double_epilogue
    dmul.o(.text) refers (Special) to iusefp.o(.text) for __I$use$fp
    dmul.o(.text) refers to depilogue.o(.text) for _double_epilogue
    ddiv.o(.text) refers (Special) to iusefp.o(.text) for __I$use$fp
    ddiv.o(.text) refers to depilogue.o(.text) for _double_round
    dflti.o(.text) refers (Special) to iusefp.o(.text) for __I$use$fp
    dflti.o(.text) refers to depilogue.o(.text) for _double_epilogue
    dunder.o(i.__mathlib_dbl_divzero) refers to ddiv.o(.text) for __aeabi_ddiv
    dunder.o(i.__mathlib_dbl_infnan) refers to dscalb.o(.text) for __ARM_scalbn
    dunder.o(i.__mathlib_dbl_infnan2) refers to dadd.o(.text) for __aeabi_dadd
    dunder.o(i.__mathlib_dbl_invalid) refers to ddiv.o(.text) for __aeabi_ddiv
    dunder.o(i.__mathlib_dbl_overflow) refers to dscalb.o(.text) for __ARM_scalbn
    dunder.o(i.__mathlib_dbl_posinfnan) refers to dmul.o(.text) for __aeabi_dmul
    dunder.o(i.__mathlib_dbl_underflow) refers to dscalb.o(.text) for __ARM_scalbn
    fpclassify.o(i.__ARM_fpclassify) refers (Special) to iusefp.o(.text) for __I$use$fp
    poly.o(i.__kernel_poly) refers (Special) to iusefp.o(.text) for __I$use$fp
    poly.o(i.__kernel_poly) refers to dmul.o(.text) for __aeabi_dmul
    poly.o(i.__kernel_poly) refers to dadd.o(.text) for __aeabi_dadd
    qnan.o(.constdata) refers (Special) to iusefp.o(.text) for __I$use$fp
    sqrt.o(i.__softfp_sqrt) refers (Special) to iusefp.o(.text) for __I$use$fp
    sqrt.o(i.__softfp_sqrt) refers to dsqrt.o(.text) for _dsqrt
    sqrt.o(i.__softfp_sqrt) refers to errno.o(i.__set_errno) for __set_errno
    sqrt.o(i.sqrt) refers (Special) to iusefp.o(.text) for __I$use$fp
    sqrt.o(i.sqrt) refers to dsqrt.o(.text) for _dsqrt
    sqrt.o(i.sqrt) refers to errno.o(i.__set_errno) for __set_errno
    sqrt_x.o(i.____softfp_sqrt$lsc) refers (Special) to iusefp.o(.text) for __I$use$fp
    sqrt_x.o(i.____softfp_sqrt$lsc) refers to cdcmple.o(.text) for __aeabi_cdcmple
    sqrt_x.o(i.____softfp_sqrt$lsc) refers to errno.o(i.__set_errno) for __set_errno
    sqrt_x.o(i.____softfp_sqrt$lsc) refers to dsqrt.o(.text) for _dsqrt
    sqrt_x.o(i.__sqrt$lsc) refers (Special) to iusefp.o(.text) for __I$use$fp
    sqrt_x.o(i.__sqrt$lsc) refers to cdcmple.o(.text) for __aeabi_cdcmple
    sqrt_x.o(i.__sqrt$lsc) refers to errno.o(i.__set_errno) for __set_errno
    sqrt_x.o(i.__sqrt$lsc) refers to dsqrt.o(.text) for _dsqrt
    entry2.o(.ARM.Collect$$$$00000001) refers to entry2.o(.ARM.Collect$$$$00002712) for __lit__00000000
    entry2.o(.ARM.Collect$$$$00002712) refers to startup_lpc17xx.o(STACK) for __initial_sp
    entry2.o(__vectab_stack_and_reset_area) refers to startup_lpc17xx.o(STACK) for __initial_sp
    entry2.o(__vectab_stack_and_reset_area) refers to entry.o(.ARM.Collect$$$$00000000) for __main
    entry5.o(.ARM.Collect$$$$00000004) refers to init.o(.text) for __scatterload
    errno.o(i.__aeabi_errno_addr) refers to errno.o(.data) for .data
    errno.o(i.__read_errno) refers to errno.o(.data) for .data
    errno.o(i.__set_errno) refers to errno.o(.data) for .data
    depilogue.o(.text) refers to llshl.o(.text) for __aeabi_llsl
    depilogue.o(.text) refers to llushr.o(.text) for __aeabi_llsr
    init.o(.text) refers to entry5.o(.ARM.Collect$$$$00000004) for __main_after_scatterload
    dsqrt.o(.text) refers to llushr.o(.text) for __aeabi_llsr
    dsqrt.o(.text) refers to depilogue.o(.text) for _double_round


==============================================================================

Removing Unused input sections from the image.

    Removing startup_lpc17xx.o(HEAP), (0 bytes).
    Removing system_lpc17xx.o(.rev16_text), (4 bytes).
    Removing system_lpc17xx.o(.revsh_text), (4 bytes).
    Removing system_lpc17xx.o(.rrx_text), (6 bytes).
    Removing system_lpc17xx.o(i.SystemCoreClockUpdate), (424 bytes).
    Removing system_lpc17xx.o(.data), (4 bytes).
    Removing rt_cmsis.o(.rev16_text), (4 bytes).
    Removing rt_cmsis.o(.revsh_text), (4 bytes).
    Removing rt_cmsis.o(.rrx_text), (6 bytes).
    Removing rt_cmsis.o(i.isrSemaphoreRelease), (40 bytes).
    Removing rt_cmsis.o(i.isrSignalSet), (36 bytes).
    Removing rt_cmsis.o(i.osKernelRunning), (36 bytes).
    Removing rt_cmsis.o(i.osKernelSysTick), (24 bytes).
    Removing rt_cmsis.o(i.osMailAlloc), (28 bytes).
    Removing rt_cmsis.o(i.osMailCAlloc), (48 bytes).
    Removing rt_cmsis.o(i.osMailCreate), (44 bytes).
    Removing rt_cmsis.o(i.osMailFree), (28 bytes).
    Removing rt_cmsis.o(i.osMailGet), (22 bytes).
    Removing rt_cmsis.o(i.osMailPut), (20 bytes).
    Removing rt_cmsis.o(i.osMessageCreate), (44 bytes).
    Removing rt_cmsis.o(i.osMessagePut), (24 bytes).
    Removing rt_cmsis.o(i.osMutexCreate), (44 bytes).
    Removing rt_cmsis.o(i.osMutexDelete), (24 bytes).
    Removing rt_cmsis.o(i.osMutexRelease), (24 bytes).
    Removing rt_cmsis.o(i.osMutexWait), (24 bytes).
    Removing rt_cmsis.o(i.osPoolAlloc), (32 bytes).
    Removing rt_cmsis.o(i.osPoolCAlloc), (52 bytes).
    Removing rt_cmsis.o(i.osPoolCreate), (44 bytes).
    Removing rt_cmsis.o(i.osPoolFree), (32 bytes).
    Removing rt_cmsis.o(i.osSemaphoreCreate), (44 bytes).
    Removing rt_cmsis.o(i.osSemaphoreDelete), (24 bytes).
    Removing rt_cmsis.o(i.osSemaphoreRelease), (24 bytes).
    Removing rt_cmsis.o(i.osSemaphoreWait), (24 bytes).
    Removing rt_cmsis.o(i.osSignalClear), (24 bytes).
    Removing rt_cmsis.o(i.osSignalSet), (24 bytes).
    Removing rt_cmsis.o(i.osSignalWait), (24 bytes).
    Removing rt_cmsis.o(i.osThreadGetId), (24 bytes).
    Removing rt_cmsis.o(i.osThreadGetPriority), (24 bytes).
    Removing rt_cmsis.o(i.osThreadSetPriority), (24 bytes).
    Removing rt_cmsis.o(i.osTimerCreate), (44 bytes).
    Removing rt_cmsis.o(i.osTimerDelete), (24 bytes).
    Removing rt_cmsis.o(i.osTimerStart), (24 bytes).
    Removing rt_cmsis.o(i.osTimerStop), (24 bytes).
    Removing rt_cmsis.o(i.osWait), (4 bytes).
    Removing rt_cmsis.o(i.os_resume), (12 bytes).
    Removing rt_cmsis.o(i.os_suspend), (12 bytes).
    Removing rt_cmsis.o(i.rt_clr_box), (24 bytes).
    Removing rt_cmsis.o(i.rt_timer_remove), (60 bytes).
    Removing rt_cmsis.o(i.svcKernelRunning), (12 bytes).
    Removing rt_cmsis.o(i.svcKernelSysTick), (56 bytes).
    Removing rt_cmsis.o(i.svcMailCreate), (66 bytes).
    Removing rt_cmsis.o(i.svcMessagePut), (54 bytes).
    Removing rt_cmsis.o(i.svcMutexCreate), (28 bytes).
    Removing rt_cmsis.o(i.svcMutexDelete), (26 bytes).
    Removing rt_cmsis.o(i.svcMutexRelease), (34 bytes).
    Removing rt_cmsis.o(i.svcMutexWait), (58 bytes).
    Removing rt_cmsis.o(i.svcPoolCreate), (40 bytes).
    Removing rt_cmsis.o(i.svcSemaphoreCreate), (36 bytes).
    Removing rt_cmsis.o(i.svcSemaphoreDelete), (26 bytes).
    Removing rt_cmsis.o(i.svcSemaphoreRelease), (40 bytes).
    Removing rt_cmsis.o(i.svcSemaphoreWait), (50 bytes).
    Removing rt_cmsis.o(i.svcSignalClear), (36 bytes).
    Removing rt_cmsis.o(i.svcSignalSet), (36 bytes).
    Removing rt_cmsis.o(i.svcSignalWait), (84 bytes).
    Removing rt_cmsis.o(i.svcThreadGetPriority), (18 bytes).
    Removing rt_cmsis.o(i.svcThreadSetPriority), (46 bytes).
    Removing rt_cmsis.o(i.svcTimerCreate), (56 bytes).
    Removing rt_cmsis.o(i.svcTimerDelete), (40 bytes).
    Removing rt_cmsis.o(i.svcTimerStart), (100 bytes).
    Removing rt_cmsis.o(i.svcTimerStop), (36 bytes).
    Removing rt_cmsis.o(i.sysMailAlloc), (88 bytes).
    Removing rt_cmsis.o(i.sysMailFree), (96 bytes).
    Removing rt_cmsis.o(i.sysPoolAlloc), (10 bytes).
    Removing rt_cmsis.o(i.sysPoolFree), (20 bytes).
    Removing rt_cmsis.o(i.sysUserTimerUpdate), (48 bytes).
    Removing rt_cmsis.o(i.sysUserTimerWakeupTime), (20 bytes).
    Removing rt_system.o(.emb_text), (0 bytes).
    Removing rt_system.o(i.os_tick_ovf), (16 bytes).
    Removing rt_system.o(i.os_tick_val), (20 bytes).
    Removing rt_system.o(i.rt_resume), (136 bytes).
    Removing rt_system.o(i.rt_suspend), (36 bytes).
    Removing rt_system.o(i.rt_tsk_lock), (80 bytes).
    Removing rt_system.o(i.rt_tsk_unlock), (80 bytes).
    Removing rt_event.o(i.isr_evt_set), (40 bytes).
    Removing rt_event.o(i.rt_evt_clr), (28 bytes).
    Removing rt_event.o(i.rt_evt_get), (12 bytes).
    Removing rt_event.o(i.rt_evt_set), (92 bytes).
    Removing rt_event.o(i.rt_evt_wait), (60 bytes).
    Removing rt_mailbox.o(i.rt_mbx_send), (152 bytes).
    Removing rt_semaphore.o(i.isr_sem_send), (16 bytes).
    Removing rt_semaphore.o(i.rt_sem_delete), (92 bytes).
    Removing rt_semaphore.o(i.rt_sem_init), (12 bytes).
    Removing rt_semaphore.o(i.rt_sem_send), (42 bytes).
    Removing rt_semaphore.o(i.rt_sem_wait), (64 bytes).
    Removing rt_time.o(i.rt_itv_set), (24 bytes).
    Removing rt_time.o(i.rt_itv_wait), (40 bytes).
    Removing rt_time.o(i.rt_time_get), (12 bytes).
    Removing rt_mutex.o(i.rt_mut_delete), (176 bytes).
    Removing rt_mutex.o(i.rt_mut_init), (16 bytes).
    Removing rt_mutex.o(i.rt_mut_release), (216 bytes).
    Removing rt_mutex.o(i.rt_mut_wait), (120 bytes).
    Removing rt_membox.o(i._calloc_box), (30 bytes).
    Removing rt_robin.o(i.rt_chk_robin), (72 bytes).
    Removing rt_robin.o(i.rt_init_robin), (24 bytes).
    Removing rt_robin.o(.data), (8 bytes).
    Removing cdcmple.o(.text), (48 bytes).

106 unused section(s) (total 4638 bytes) removed from the image.

==============================================================================

Image Symbol Table

    Local Symbols

    Symbol Name                              Value     Ov Type        Size  Object(Section)

    RESET                                    0x00000000   Section      204  startup_lpc17xx.o(RESET)
    ../clib/microlib/division.c              0x00000000   Number         0  uldiv.o ABSOLUTE
    ../clib/microlib/errno.c                 0x00000000   Number         0  errno.o ABSOLUTE
    ../clib/microlib/init/entry.s            0x00000000   Number         0  entry10b.o ABSOLUTE
    ../clib/microlib/init/entry.s            0x00000000   Number         0  entry11a.o ABSOLUTE
    ../clib/microlib/init/entry.s            0x00000000   Number         0  entry12b.o ABSOLUTE
    ../clib/microlib/init/entry.s            0x00000000   Number         0  entry11b.o ABSOLUTE
    ../clib/microlib/init/entry.s            0x00000000   Number         0  entry7a.o ABSOLUTE
    ../clib/microlib/init/entry.s            0x00000000   Number         0  entry12a.o ABSOLUTE
    ../clib/microlib/init/entry.s            0x00000000   Number         0  entry.o ABSOLUTE
    ../clib/microlib/init/entry.s            0x00000000   Number         0  entry2.o ABSOLUTE
    ../clib/microlib/init/entry.s            0x00000000   Number         0  entry5.o ABSOLUTE
    ../clib/microlib/init/entry.s            0x00000000   Number         0  entry7b.o ABSOLUTE
    ../clib/microlib/init/entry.s            0x00000000   Number         0  entry8a.o ABSOLUTE
    ../clib/microlib/init/entry.s            0x00000000   Number         0  entry8b.o ABSOLUTE
    ../clib/microlib/init/entry.s            0x00000000   Number         0  entry10a.o ABSOLUTE
    ../clib/microlib/longlong.c              0x00000000   Number         0  llshl.o ABSOLUTE
    ../clib/microlib/longlong.c              0x00000000   Number         0  llushr.o ABSOLUTE
    ../clib/microlib/longlong.c              0x00000000   Number         0  llsshr.o ABSOLUTE
    ../clib/microlib/stubs.s                 0x00000000   Number         0  iusefp.o ABSOLUTE
    ../fplib/microlib/fpadd.c                0x00000000   Number         0  dadd.o ABSOLUTE
    ../fplib/microlib/fpdiv.c                0x00000000   Number         0  ddiv.o ABSOLUTE
    ../fplib/microlib/fpepilogue.c           0x00000000   Number         0  depilogue.o ABSOLUTE
    ../fplib/microlib/fpflt.c                0x00000000   Number         0  dflti.o ABSOLUTE
    ../fplib/microlib/fpmul.c                0x00000000   Number         0  dmul.o ABSOLUTE
    ../fplib/microlib/fpscalb.c              0x00000000   Number         0  dscalb.o ABSOLUTE
    ../fplib/microlib/fpsqrt.c               0x00000000   Number         0  dsqrt.o ABSOLUTE
    ../mathlib/dunder.c                      0x00000000   Number         0  dunder.o ABSOLUTE
    ../mathlib/fpclassify.c                  0x00000000   Number         0  fpclassify.o ABSOLUTE
    ../mathlib/poly.c                        0x00000000   Number         0  poly.o ABSOLUTE
    ../mathlib/pow.c                         0x00000000   Number         0  pow_x.o ABSOLUTE
    ../mathlib/pow.c                         0x00000000   Number         0  pow.o ABSOLUTE
    ../mathlib/qnan.c                        0x00000000   Number         0  qnan.o ABSOLUTE
    ../mathlib/sqrt.c                        0x00000000   Number         0  sqrt.o ABSOLUTE
    ../mathlib/sqrt.c                        0x00000000   Number         0  sqrt_x.o ABSOLUTE
    ..\HAL_CM.c                              0x00000000   Number         0  hal_cm.o ABSOLUTE
    ..\\rt_CMSIS.c                           0x00000000   Number         0  rt_cmsis.o ABSOLUTE
    ..\\rt_System.c                          0x00000000   Number         0  rt_system.o ABSOLUTE
    ..\rt_CMSIS.c                            0x00000000   Number         0  rt_cmsis.o ABSOLUTE
    ..\rt_Event.c                            0x00000000   Number         0  rt_event.o ABSOLUTE
    ..\rt_List.c                             0x00000000   Number         0  rt_list.o ABSOLUTE
    ..\rt_Mailbox.c                          0x00000000   Number         0  rt_mailbox.o ABSOLUTE
    ..\rt_MemBox.c                           0x00000000   Number         0  rt_membox.o ABSOLUTE
    ..\rt_Memory.c                           0x00000000   Number         0  rt_memory.o ABSOLUTE
    ..\rt_Mutex.c                            0x00000000   Number         0  rt_mutex.o ABSOLUTE
    ..\rt_Robin.c                            0x00000000   Number         0  rt_robin.o ABSOLUTE
    ..\rt_Semaphore.c                        0x00000000   Number         0  rt_semaphore.o ABSOLUTE
    ..\rt_System.c                           0x00000000   Number         0  rt_system.o ABSOLUTE
    ..\rt_Task.c                             0x00000000   Number         0  rt_task.o ABSOLUTE
    ..\rt_Time.c                             0x00000000   Number         0  rt_time.o ABSOLUTE
    HAL_CM3.c                                0x00000000   Number         0  hal_cm3.o ABSOLUTE
    HAL_CM3.c                                0x00000000   Number         0  hal_cm3.o ABSOLUTE
    RTE\CMSIS\RTX_Conf_CM.c                  0x00000000   Number         0  rtx_conf_cm.o ABSOLUTE
    RTE\Device\LPC1768\startup_LPC17xx.s     0x00000000   Number         0  startup_lpc17xx.o ABSOLUTE
    RTE\Device\LPC1768\system_LPC17xx.c      0x00000000   Number         0  system_lpc17xx.o ABSOLUTE
    RTE\\Device\\LPC1768\\system_LPC17xx.c   0x00000000   Number         0  system_lpc17xx.o ABSOLUTE
    SVC_Table.s                              0x00000000   Number         0  svc_table.o ABSOLUTE
    Thread.c                                 0x00000000   Number         0  thread.o ABSOLUTE
    cdcmple.s                                0x00000000   Number         0  cdcmple.o ABSOLUTE
    cdrcmple.s                               0x00000000   Number         0  cdrcmple.o ABSOLUTE
    dc.s                                     0x00000000   Number         0  dc.o ABSOLUTE
    handlers.s                               0x00000000   Number         0  handlers.o ABSOLUTE
    init.s                                   0x00000000   Number         0  init.o ABSOLUTE
    main.c                                   0x00000000   Number         0  main.o ABSOLUTE
    .ARM.Collect$$$$00000000                 0x000000cc   Section        0  entry.o(.ARM.Collect$$$$00000000)
    .ARM.Collect$$$$00000001                 0x000000cc   Section        4  entry2.o(.ARM.Collect$$$$00000001)
    .ARM.Collect$$$$00000004                 0x000000d0   Section        4  entry5.o(.ARM.Collect$$$$00000004)
    .ARM.Collect$$$$00000008                 0x000000d4   Section        0  entry7b.o(.ARM.Collect$$$$00000008)
    .ARM.Collect$$$$0000000A                 0x000000d4   Section        0  entry8b.o(.ARM.Collect$$$$0000000A)
    .ARM.Collect$$$$0000000E                 0x000000d4   Section        4  entry12b.o(.ARM.Collect$$$$0000000E)
    .ARM.Collect$$$$0000000F                 0x000000d8   Section        0  entry10a.o(.ARM.Collect$$$$0000000F)
    .ARM.Collect$$$$00000011                 0x000000d8   Section        0  entry11a.o(.ARM.Collect$$$$00000011)
    .ARM.Collect$$$$000000FF                 0x000000d8   Section        0  rtx_conf_cm.o(.ARM.Collect$$$$000000FF)
    .ARM.Collect$$$$00002712                 0x000000f0   Section        4  entry2.o(.ARM.Collect$$$$00002712)
    __lit__00000000                          0x000000f0   Data           4  entry2.o(.ARM.Collect$$$$00002712)
    .emb_text                                0x000000f4   Section      304  hal_cm3.o(.emb_text)
    .text                                    0x00000224   Section       36  startup_lpc17xx.o(.text)
    .text                                    0x00000248   Section        0  dflti.o(.text)
    .text                                    0x0000026a   Section        0  llshl.o(.text)
    .text                                    0x00000288   Section        0  llushr.o(.text)
    .text                                    0x000002a8   Section        0  llsshr.o(.text)
    .text                                    0x000002cc   Section        0  iusefp.o(.text)
    .text                                    0x000002cc   Section        0  dscalb.o(.text)
    i.__scatterload_null                     0x000002fa   Section        2  handlers.o(i.__scatterload_null)
    .ARM.__at_0x02FC                         0x000002fc   Section        4  startup_lpc17xx.o(.ARM.__at_0x02FC)
    .text                                    0x00000300   Section        0  dadd.o(.text)
    .text                                    0x0000044e   Section        0  dmul.o(.text)
    .text                                    0x00000532   Section        0  ddiv.o(.text)
    .text                                    0x00000610   Section        0  depilogue.o(.text)
    .text                                    0x000006cc   Section       48  cdrcmple.o(.text)
    .text                                    0x000006fc   Section       36  init.o(.text)
    .text                                    0x00000720   Section        0  dsqrt.o(.text)
    SVC_TABLE                                0x000007c4   Section        4  svc_table.o(SVC_TABLE)
    i.Init_Thread                            0x000007c8   Section        0  thread.o(i.Init_Thread)
    i.SystemInit                             0x00000840   Section        0  system_lpc17xx.o(i.SystemInit)
    i.ThreadA                                0x00000980   Section        0  thread.o(i.ThreadA)
    i.ThreadB                                0x000009d8   Section        0  thread.o(i.ThreadB)
    i.ThreadC                                0x00000a50   Section        0  thread.o(i.ThreadC)
    i.ThreadD                                0x00000abc   Section        0  thread.o(i.ThreadD)
    i.ThreadE                                0x00000b38   Section        0  thread.o(i.ThreadE)
    i.__ARM_fpclassify                       0x00000bc4   Section        0  fpclassify.o(i.__ARM_fpclassify)
    i.__kernel_poly                          0x00000bec   Section        0  poly.o(i.__kernel_poly)
    i.__mathlib_dbl_divzero                  0x00000c98   Section        0  dunder.o(i.__mathlib_dbl_divzero)
    i.__mathlib_dbl_infnan2                  0x00000ca8   Section        0  dunder.o(i.__mathlib_dbl_infnan2)
    i.__mathlib_dbl_invalid                  0x00000cac   Section        0  dunder.o(i.__mathlib_dbl_invalid)
    i.__mathlib_dbl_overflow                 0x00000cb8   Section        0  dunder.o(i.__mathlib_dbl_overflow)
    i.__mathlib_dbl_underflow                0x00000cc8   Section        0  dunder.o(i.__mathlib_dbl_underflow)
    i.__scatterload_copy                     0x00000cd8   Section       14  handlers.o(i.__scatterload_copy)
    i.__scatterload_zeroinit                 0x00000ce6   Section       14  handlers.o(i.__scatterload_zeroinit)
    i.__set_errno                            0x00000cf4   Section        0  errno.o(i.__set_errno)
    i._init_box                              0x00000d00   Section        0  rt_membox.o(i._init_box)
    i.dbg_init                               0x00000d48   Section        0  hal_cm.o(i.dbg_init)
    i.dbg_task_notify                        0x00000d78   Section        0  hal_cm.o(i.dbg_task_notify)
    i.dbg_task_switch                        0x00000d98   Section        0  hal_cm.o(i.dbg_task_switch)
    i.fact                                   0x00000da8   Section        0  thread.o(i.fact)
    i.isrMessageGet                          0x00000ddc   Section        0  rt_cmsis.o(i.isrMessageGet)
    i.isrMessagePut                          0x00000e06   Section        0  rt_cmsis.o(i.isrMessagePut)
    i.isr_mbx_receive                        0x00000e34   Section        0  rt_mailbox.o(i.isr_mbx_receive)
    i.isr_mbx_send                           0x00000e8a   Section        0  rt_mailbox.o(i.isr_mbx_send)
    i.main                                   0x00000e98   Section        0  main.o(i.main)
    i.osDelay                                0x00000eb4   Section        0  rt_cmsis.o(i.osDelay)
    i.osKernelInitialize                     0x00000ecc   Section        0  rt_cmsis.o(i.osKernelInitialize)
    i.osKernelStart                          0x00000ef0   Section        0  rt_cmsis.o(i.osKernelStart)
    i.osMessageGet                           0x00000f5c   Section        0  rt_cmsis.o(i.osMessageGet)
    i.osThreadCreate                         0x00000f74   Section        0  rt_cmsis.o(i.osThreadCreate)
    i.osThreadExit                           0x00000fa0   Section        0  rt_cmsis.o(i.osThreadExit)
    i.osThreadTerminate                      0x00000fb8   Section        0  rt_cmsis.o(i.osThreadTerminate)
    i.osThreadYield                          0x00000fd0   Section        0  rt_cmsis.o(i.osThreadYield)
    i.osTimerCall                            0x00000fe8   Section        0  rt_cmsis.o(i.osTimerCall)
    i.osTimerThread                          0x00000ff4   Section        0  rt_cmsis.o(i.osTimerThread)
    i.os_error                               0x00001020   Section        0  rtx_conf_cm.o(i.os_error)
    i.os_idle_demon                          0x00001042   Section        0  rtx_conf_cm.o(i.os_idle_demon)
    i.os_tick_init                           0x00001048   Section        0  rt_system.o(i.os_tick_init)
    i.os_tick_irqack                         0x00001070   Section        0  rt_system.o(i.os_tick_irqack)
    i.pow                                    0x00001074   Section        0  pow.o(i.pow)
    i.rt_alloc_box                           0x00001a4c   Section        0  rt_membox.o(i.rt_alloc_box)
    i.rt_alloc_mem                           0x00001a66   Section        0  rt_memory.o(i.rt_alloc_mem)
    i.rt_block                               0x00001aa4   Section        0  rt_task.o(i.rt_block)
    i.rt_chk_robin                           0x00001adc   Section        0  rtx_conf_cm.o(i.rt_chk_robin)
    i.rt_dec_dly                             0x00001ae0   Section        0  rt_list.o(i.rt_dec_dly)
    i.rt_dispatch                            0x00001b50   Section        0  rt_task.o(i.rt_dispatch)
    i.rt_dly_wait                            0x00001b94   Section        0  rt_time.o(i.rt_dly_wait)
    i.rt_evt_psh                             0x00001b9c   Section        0  rt_event.o(i.rt_evt_psh)
    i.rt_free_box                            0x00001bec   Section        0  rt_membox.o(i.rt_free_box)
    i.rt_free_mem                            0x00001c18   Section        0  rt_memory.o(i.rt_free_mem)
    i.rt_get_first                           0x00001c40   Section        0  rt_list.o(i.rt_get_first)
    i.rt_get_same_rdy_prio                   0x00001c68   Section        0  rt_list.o(i.rt_get_same_rdy_prio)
    i.rt_id2obj                              0x00001c8c   Section        0  rt_cmsis.o(i.rt_id2obj)
    rt_id2obj                                0x00001c8d   Thumb Code     8  rt_cmsis.o(i.rt_id2obj)
    i.rt_init_context                        0x00001c94   Section        0  rt_task.o(i.rt_init_context)
    rt_init_context                          0x00001c95   Thumb Code    66  rt_task.o(i.rt_init_context)
    i.rt_init_mem                            0x00001cdc   Section        0  rt_memory.o(i.rt_init_mem)
    i.rt_init_robin                          0x00001cf6   Section        0  rtx_conf_cm.o(i.rt_init_robin)
    i.rt_init_stack                          0x00001cf8   Section        0  hal_cm.o(i.rt_init_stack)
    i.rt_mbx_check                           0x00001d78   Section        0  rt_mailbox.o(i.rt_mbx_check)
    i.rt_mbx_init                            0x00001d80   Section        0  rt_mailbox.o(i.rt_mbx_init)
    i.rt_mbx_psh                             0x00001d9c   Section        0  rt_mailbox.o(i.rt_mbx_psh)
    i.rt_mbx_wait                            0x00001e8c   Section        0  rt_mailbox.o(i.rt_mbx_wait)
    i.rt_ms2tick                             0x00001f40   Section        0  rt_cmsis.o(i.rt_ms2tick)
    rt_ms2tick                               0x00001f41   Thumb Code    58  rt_cmsis.o(i.rt_ms2tick)
    i.rt_pop_req                             0x00001f84   Section        0  rt_system.o(i.rt_pop_req)
    i.rt_psh_req                             0x00002000   Section        0  rt_system.o(i.rt_psh_req)
    i.rt_psq_enq                             0x00002020   Section        0  rt_list.o(i.rt_psq_enq)
    i.rt_put_dly                             0x0000207c   Section        0  rt_list.o(i.rt_put_dly)
    i.rt_put_prio                            0x000020c4   Section        0  rt_list.o(i.rt_put_prio)
    i.rt_put_rdy_first                       0x000020fc   Section        0  rt_list.o(i.rt_put_rdy_first)
    i.rt_resort_prio                         0x00002110   Section        0  rt_list.o(i.rt_resort_prio)
    i.rt_ret_val                             0x00002144   Section        0  hal_cm.o(i.rt_ret_val)
    i.rt_ret_val2                            0x0000214a   Section        0  hal_cm.o(i.rt_ret_val2)
    i.rt_rmv_dly                             0x00002152   Section        0  rt_list.o(i.rt_rmv_dly)
    i.rt_rmv_list                            0x0000217c   Section        0  rt_list.o(i.rt_rmv_list)
    i.rt_sem_psh                             0x000021ac   Section        0  rt_semaphore.o(i.rt_sem_psh)
    i.rt_stk_check                           0x000021e0   Section        0  rt_system.o(i.rt_stk_check)
    i.rt_switch_req                          0x00002204   Section        0  rt_task.o(i.rt_switch_req)
    i.rt_sys_init                            0x0000222c   Section        0  rt_task.o(i.rt_sys_init)
    i.rt_sys_start                           0x000022f8   Section        0  rt_task.o(i.rt_sys_start)
    i.rt_systick                             0x00002370   Section        0  rt_system.o(i.rt_systick)
    i.rt_tid2ptcb                            0x000023b0   Section        0  rt_cmsis.o(i.rt_tid2ptcb)
    rt_tid2ptcb                              0x000023b1   Thumb Code    18  rt_cmsis.o(i.rt_tid2ptcb)
    i.rt_timer_insert                        0x000023c4   Section        0  rt_cmsis.o(i.rt_timer_insert)
    rt_timer_insert                          0x000023c5   Thumb Code    48  rt_cmsis.o(i.rt_timer_insert)
    i.rt_tsk_create                          0x000023f8   Section        0  rt_task.o(i.rt_tsk_create)
    i.rt_tsk_delete                          0x00002480   Section        0  rt_task.o(i.rt_tsk_delete)
    i.rt_tsk_pass                            0x000025fc   Section        0  rt_task.o(i.rt_tsk_pass)
    i.rt_tsk_prio                            0x0000262c   Section        0  rt_task.o(i.rt_tsk_prio)
    i.rt_tsk_self                            0x000026a8   Section        0  rt_task.o(i.rt_tsk_self)
    i.sqrt                                   0x000026b8   Section        0  sqrt.o(i.sqrt)
    i.svcDelay                               0x00002704   Section        0  rt_cmsis.o(i.svcDelay)
    i.svcKernelInitialize                    0x00002718   Section        0  rt_cmsis.o(i.svcKernelInitialize)
    i.svcKernelStart                         0x00002788   Section        0  rt_cmsis.o(i.svcKernelStart)
    i.svcMessageCreate                       0x000027d0   Section        0  rt_cmsis.o(i.svcMessageCreate)
    i.svcMessageGet                          0x000027f4   Section        0  rt_cmsis.o(i.svcMessageGet)
    i.svcThreadCreate                        0x00002830   Section        0  rt_cmsis.o(i.svcThreadCreate)
    i.svcThreadGetId                         0x0000289c   Section        0  rt_cmsis.o(i.svcThreadGetId)
    i.svcThreadTerminate                     0x000028b8   Section        0  rt_cmsis.o(i.svcThreadTerminate)
    i.svcThreadYield                         0x000028f0   Section        0  rt_cmsis.o(i.svcThreadYield)
    i.svcTimerCall                           0x000028fa   Section        0  rt_cmsis.o(i.svcTimerCall)
    i.sysTimerTick                           0x00002914   Section        0  rt_cmsis.o(i.sysTimerTick)
    .constdata                               0x00002970   Section       80  thread.o(.constdata)
    .constdata                               0x000029c0   Section      104  rtx_conf_cm.o(.constdata)
    __tagsym$$used                           0x000029dc   Number         0  rtx_conf_cm.o(.constdata)
    __tagsym$$used                           0x000029e0   Number         0  rtx_conf_cm.o(.constdata)
    __tagsym$$used                           0x000029e4   Number         0  rtx_conf_cm.o(.constdata)
    __tagsym$$used                           0x000029e8   Number         0  rtx_conf_cm.o(.constdata)
    .constdata                               0x00002a28   Section      136  pow.o(.constdata)
    bp                                       0x00002a28   Data          16  pow.o(.constdata)
    dp_h                                     0x00002a38   Data          16  pow.o(.constdata)
    dp_l                                     0x00002a48   Data          16  pow.o(.constdata)
    L                                        0x00002a58   Data          48  pow.o(.constdata)
    P                                        0x00002a88   Data          40  pow.o(.constdata)
    .constdata                               0x00002ab0   Section        8  qnan.o(.constdata)
    .data                                    0x10000000   Section       88  thread.o(.data)
    .data                                    0x10000058   Section       16  rtx_conf_cm.o(.data)
    .data                                    0x10000068   Section        8  rt_cmsis.o(.data)
    .data                                    0x10000070   Section        8  rt_task.o(.data)
    .data                                    0x10000078   Section        8  rt_system.o(.data)
    os_lock                                  0x10000078   Data           1  rt_system.o(.data)
    os_psh_flag                              0x10000079   Data           1  rt_system.o(.data)
    pend_flags                               0x1000007a   Data           1  rt_system.o(.data)
    .data                                    0x10000080   Section        4  rt_time.o(.data)
    .data                                    0x10000084   Section        1  hal_cm.o(.data)
    .data                                    0x10000088   Section        4  errno.o(.data)
    _errno                                   0x10000088   Data           4  errno.o(.data)
    .bss                                     0x10000090   Section    29488  rtx_conf_cm.o(.bss)
    .bss                                     0x100073c0   Section       52  rt_task.o(.bss)
    .bss                                     0x100073f4   Section       48  rt_list.o(.bss)
    STACK                                    0x10007428   Section      512  startup_lpc17xx.o(STACK)

    Global Symbols

    Symbol Name                              Value     Ov Type        Size  Object(Section)

    BuildAttributes$$THM_ISAv4$P$D$K$B$S$PE$A:L22UL41UL21$X:L11$S22US41US21$IEEE1$IW$USESV6$~STKCKD$USESV7$~SHL$OTIME$ROPI$IEEEX$EBA8$MICROLIB$REQ8$PRES8$EABIv2 0x00000000   Number         0  anon$$obj.o ABSOLUTE
    __ARM_use_no_argv                        0x00000000   Number         0  main.o ABSOLUTE
    __Vectors                                0x00000000   Data           4  startup_lpc17xx.o(RESET)
    __arm_fini_                               - Undefined Weak Reference
    __cpp_initialize__aeabi_                  - Undefined Weak Reference
    __cxa_finalize                            - Undefined Weak Reference
    __decompress                              - Undefined Weak Reference
    _clock_init                               - Undefined Weak Reference
    _microlib_exit                            - Undefined Weak Reference
    __main                                   0x000000cd   Thumb Code     0  entry.o(.ARM.Collect$$$$00000000)
    _main_stk                                0x000000cd   Thumb Code     0  entry2.o(.ARM.Collect$$$$00000001)
    _main_scatterload                        0x000000d1   Thumb Code     0  entry5.o(.ARM.Collect$$$$00000004)
    __main_after_scatterload                 0x000000d5   Thumb Code     0  entry5.o(.ARM.Collect$$$$00000004)
    __rt_lib_shutdown_fini                   0x000000d5   Thumb Code     0  entry12b.o(.ARM.Collect$$$$0000000E)
    _main_clock                              0x000000d5   Thumb Code     0  entry7b.o(.ARM.Collect$$$$00000008)
    _main_cpp_init                           0x000000d5   Thumb Code     0  entry8b.o(.ARM.Collect$$$$0000000A)
    __rt_final_cpp                           0x000000d9   Thumb Code     0  entry10a.o(.ARM.Collect$$$$0000000F)
    __rt_final_exit                          0x000000d9   Thumb Code     0  entry11a.o(.ARM.Collect$$$$00000011)
    _main_init                               0x000000d9   Thumb Code    18  rtx_conf_cm.o(.ARM.Collect$$$$000000FF)
    rt_set_PSP                               0x000000f5   Thumb Code     6  hal_cm3.o(.emb_text)
    rt_get_PSP                               0x000000fb   Thumb Code     6  hal_cm3.o(.emb_text)
    os_set_env                               0x00000101   Thumb Code    24  hal_cm3.o(.emb_text)
    _alloc_box                               0x0000011d   Thumb Code    28  hal_cm3.o(.emb_text)
    _free_box                                0x0000013d   Thumb Code    28  hal_cm3.o(.emb_text)
    SVC_Handler                              0x0000015d   Thumb Code   108  hal_cm3.o(.emb_text)
    PendSV_Handler                           0x000001d5   Thumb Code    56  hal_cm3.o(.emb_text)
    SysTick_Handler                          0x00000211   Thumb Code     8  hal_cm3.o(.emb_text)
    OS_Tick_Handler                          0x00000219   Thumb Code    12  hal_cm3.o(.emb_text)
    Reset_Handler                            0x00000225   Thumb Code     8  startup_lpc17xx.o(.text)
    NMI_Handler                              0x0000022d   Thumb Code     2  startup_lpc17xx.o(.text)
    HardFault_Handler                        0x0000022f   Thumb Code     2  startup_lpc17xx.o(.text)
    MemManage_Handler                        0x00000231   Thumb Code     2  startup_lpc17xx.o(.text)
    BusFault_Handler                         0x00000233   Thumb Code     2  startup_lpc17xx.o(.text)
    UsageFault_Handler                       0x00000235   Thumb Code     2  startup_lpc17xx.o(.text)
    DebugMon_Handler                         0x00000239   Thumb Code     2  startup_lpc17xx.o(.text)
    ADC_IRQHandler                           0x0000023f   Thumb Code     0  startup_lpc17xx.o(.text)
    BOD_IRQHandler                           0x0000023f   Thumb Code     0  startup_lpc17xx.o(.text)
    CANActivity_IRQHandler                   0x0000023f   Thumb Code     0  startup_lpc17xx.o(.text)
    CAN_IRQHandler                           0x0000023f   Thumb Code     0  startup_lpc17xx.o(.text)
    DMA_IRQHandler                           0x0000023f   Thumb Code     0  startup_lpc17xx.o(.text)
    EINT0_IRQHandler                         0x0000023f   Thumb Code     0  startup_lpc17xx.o(.text)
    EINT1_IRQHandler                         0x0000023f   Thumb Code     0  startup_lpc17xx.o(.text)
    EINT2_IRQHandler                         0x0000023f   Thumb Code     0  startup_lpc17xx.o(.text)
    EINT3_IRQHandler                         0x0000023f   Thumb Code     0  startup_lpc17xx.o(.text)
    ENET_IRQHandler                          0x0000023f   Thumb Code     0  startup_lpc17xx.o(.text)
    I2C0_IRQHandler                          0x0000023f   Thumb Code     0  startup_lpc17xx.o(.text)
    I2C1_IRQHandler                          0x0000023f   Thumb Code     0  startup_lpc17xx.o(.text)
    I2C2_IRQHandler                          0x0000023f   Thumb Code     0  startup_lpc17xx.o(.text)
    I2S_IRQHandler                           0x0000023f   Thumb Code     0  startup_lpc17xx.o(.text)
    MCPWM_IRQHandler                         0x0000023f   Thumb Code     0  startup_lpc17xx.o(.text)
    PLL0_IRQHandler                          0x0000023f   Thumb Code     0  startup_lpc17xx.o(.text)
    PLL1_IRQHandler                          0x0000023f   Thumb Code     0  startup_lpc17xx.o(.text)
    PWM1_IRQHandler                          0x0000023f   Thumb Code     0  startup_lpc17xx.o(.text)
    QEI_IRQHandler                           0x0000023f   Thumb Code     0  startup_lpc17xx.o(.text)
    RIT_IRQHandler                           0x0000023f   Thumb Code     0  startup_lpc17xx.o(.text)
    RTC_IRQHandler                           0x0000023f   Thumb Code     0  startup_lpc17xx.o(.text)
    SPI_IRQHandler                           0x0000023f   Thumb Code     0  startup_lpc17xx.o(.text)
    SSP0_IRQHandler                          0x0000023f   Thumb Code     0  startup_lpc17xx.o(.text)
    SSP1_IRQHandler                          0x0000023f   Thumb Code     0  startup_lpc17xx.o(.text)
    TIMER0_IRQHandler                        0x0000023f   Thumb Code     0  startup_lpc17xx.o(.text)
    TIMER1_IRQHandler                        0x0000023f   Thumb Code     0  startup_lpc17xx.o(.text)
    TIMER2_IRQHandler                        0x0000023f   Thumb Code     0  startup_lpc17xx.o(.text)
    TIMER3_IRQHandler                        0x0000023f   Thumb Code     0  startup_lpc17xx.o(.text)
    UART0_IRQHandler                         0x0000023f   Thumb Code     0  startup_lpc17xx.o(.text)
    UART1_IRQHandler                         0x0000023f   Thumb Code     0  startup_lpc17xx.o(.text)
    UART2_IRQHandler                         0x0000023f   Thumb Code     0  startup_lpc17xx.o(.text)
    UART3_IRQHandler                         0x0000023f   Thumb Code     0  startup_lpc17xx.o(.text)
    USBActivity_IRQHandler                   0x0000023f   Thumb Code     0  startup_lpc17xx.o(.text)
    USB_IRQHandler                           0x0000023f   Thumb Code     0  startup_lpc17xx.o(.text)
    WDT_IRQHandler                           0x0000023f   Thumb Code     0  startup_lpc17xx.o(.text)
    __aeabi_i2d                              0x00000249   Thumb Code    34  dflti.o(.text)
    __aeabi_llsl                             0x0000026b   Thumb Code    30  llshl.o(.text)
    _ll_shift_l                              0x0000026b   Thumb Code     0  llshl.o(.text)
    __aeabi_llsr                             0x00000289   Thumb Code    32  llushr.o(.text)
    _ll_ushift_r                             0x00000289   Thumb Code     0  llushr.o(.text)
    __aeabi_lasr                             0x000002a9   Thumb Code    36  llsshr.o(.text)
    _ll_sshift_r                             0x000002a9   Thumb Code     0  llsshr.o(.text)
    __ARM_scalbn                             0x000002cd   Thumb Code    46  dscalb.o(.text)
    __I$use$fp                               0x000002cd   Thumb Code     0  iusefp.o(.text)
    scalbn                                   0x000002cd   Thumb Code     0  dscalb.o(.text)
    __scatterload_null                       0x000002fb   Thumb Code     2  handlers.o(i.__scatterload_null)
    __aeabi_dadd                             0x00000301   Thumb Code   322  dadd.o(.text)
    __aeabi_dsub                             0x00000443   Thumb Code     6  dadd.o(.text)
    __aeabi_drsub                            0x00000449   Thumb Code     6  dadd.o(.text)
    __aeabi_dmul                             0x0000044f   Thumb Code   228  dmul.o(.text)
    __RL_RTX_VER                             0x00000482   Number         0  rt_system.o ABSOLUTE
    __aeabi_ddiv                             0x00000533   Thumb Code   222  ddiv.o(.text)
    _double_round                            0x00000611   Thumb Code    30  depilogue.o(.text)
    _double_epilogue                         0x0000062f   Thumb Code   156  depilogue.o(.text)
    __aeabi_cdrcmple                         0x000006cd   Thumb Code    48  cdrcmple.o(.text)
    __scatterload                            0x000006fd   Thumb Code    28  init.o(.text)
    __scatterload_rt2                        0x000006fd   Thumb Code     0  init.o(.text)
    _dsqrt                                   0x00000721   Thumb Code   162  dsqrt.o(.text)
    SVC_Count                                0x000007c4   Data           4  svc_table.o(SVC_TABLE)
    Init_Thread                              0x000007c9   Thumb Code    78  thread.o(i.Init_Thread)
    SVC_Table                                0x000007c8   Data           0  svc_table.o(SVC_TABLE)
    SystemInit                               0x00000841   Thumb Code   302  system_lpc17xx.o(i.SystemInit)
    ThreadA                                  0x00000981   Thumb Code    76  thread.o(i.ThreadA)
    ThreadB                                  0x000009d9   Thumb Code   108  thread.o(i.ThreadB)
    ThreadC                                  0x00000a51   Thumb Code    96  thread.o(i.ThreadC)
    ThreadD                                  0x00000abd   Thumb Code   106  thread.o(i.ThreadD)
    ThreadE                                  0x00000b39   Thumb Code   114  thread.o(i.ThreadE)
    __ARM_fpclassify                         0x00000bc5   Thumb Code    40  fpclassify.o(i.__ARM_fpclassify)
    __kernel_poly                            0x00000bed   Thumb Code   170  poly.o(i.__kernel_poly)
    __mathlib_dbl_divzero                    0x00000c99   Thumb Code    12  dunder.o(i.__mathlib_dbl_divzero)
    __mathlib_dbl_infnan2                    0x00000ca9   Thumb Code     4  dunder.o(i.__mathlib_dbl_infnan2)
    __mathlib_dbl_invalid                    0x00000cad   Thumb Code    12  dunder.o(i.__mathlib_dbl_invalid)
    __mathlib_dbl_overflow                   0x00000cb9   Thumb Code    14  dunder.o(i.__mathlib_dbl_overflow)
    __mathlib_dbl_underflow                  0x00000cc9   Thumb Code    10  dunder.o(i.__mathlib_dbl_underflow)
    __scatterload_copy                       0x00000cd9   Thumb Code    14  handlers.o(i.__scatterload_copy)
    __scatterload_zeroinit                   0x00000ce7   Thumb Code    14  handlers.o(i.__scatterload_zeroinit)
    __set_errno                              0x00000cf5   Thumb Code     6  errno.o(i.__set_errno)
    _init_box                                0x00000d01   Thumb Code    70  rt_membox.o(i._init_box)
    dbg_init                                 0x00000d49   Thumb Code    34  hal_cm.o(i.dbg_init)
    dbg_task_notify                          0x00000d79   Thumb Code    32  hal_cm.o(i.dbg_task_notify)
    dbg_task_switch                          0x00000d99   Thumb Code    16  hal_cm.o(i.dbg_task_switch)
    fact                                     0x00000da9   Thumb Code    48  thread.o(i.fact)
    isrMessageGet                            0x00000ddd   Thumb Code    42  rt_cmsis.o(i.isrMessageGet)
    isrMessagePut                            0x00000e07   Thumb Code    44  rt_cmsis.o(i.isrMessagePut)
    isr_mbx_receive                          0x00000e35   Thumb Code    86  rt_mailbox.o(i.isr_mbx_receive)
    isr_mbx_send                             0x00000e8b   Thumb Code    14  rt_mailbox.o(i.isr_mbx_send)
    main                                     0x00000e99   Thumb Code    26  main.o(i.main)
    osDelay                                  0x00000eb5   Thumb Code    18  rt_cmsis.o(i.osDelay)
    osKernelInitialize                       0x00000ecd   Thumb Code    30  rt_cmsis.o(i.osKernelInitialize)
    osKernelStart                            0x00000ef1   Thumb Code    98  rt_cmsis.o(i.osKernelStart)
    osMessageGet                             0x00000f5d   Thumb Code    18  rt_cmsis.o(i.osMessageGet)
    osThreadCreate                           0x00000f75   Thumb Code    36  rt_cmsis.o(i.osThreadCreate)
    osThreadExit                             0x00000fa1   Thumb Code    14  rt_cmsis.o(i.osThreadExit)
    osThreadTerminate                        0x00000fb9   Thumb Code    18  rt_cmsis.o(i.osThreadTerminate)
    osThreadYield                            0x00000fd1   Thumb Code    18  rt_cmsis.o(i.osThreadYield)
    osTimerCall                              0x00000fe9   Thumb Code     8  rt_cmsis.o(i.osTimerCall)
    osTimerThread                            0x00000ff5   Thumb Code    38  rt_cmsis.o(i.osTimerThread)
    os_error                                 0x00001021   Thumb Code    34  rtx_conf_cm.o(i.os_error)
    os_idle_demon                            0x00001043   Thumb Code     4  rtx_conf_cm.o(i.os_idle_demon)
    os_tick_init                             0x00001049   Thumb Code    32  rt_system.o(i.os_tick_init)
    os_tick_irqack                           0x00001071   Thumb Code     2  rt_system.o(i.os_tick_irqack)
    pow                                      0x00001075   Thumb Code  2512  pow.o(i.pow)
    rt_alloc_box                             0x00001a4d   Thumb Code    26  rt_membox.o(i.rt_alloc_box)
    rt_alloc_mem                             0x00001a67   Thumb Code    62  rt_memory.o(i.rt_alloc_mem)
    rt_block                                 0x00001aa5   Thumb Code    48  rt_task.o(i.rt_block)
    rt_chk_robin                             0x00001add   Thumb Code     2  rtx_conf_cm.o(i.rt_chk_robin)
    rt_dec_dly                               0x00001ae1   Thumb Code   102  rt_list.o(i.rt_dec_dly)
    rt_dispatch                              0x00001b51   Thumb Code    60  rt_task.o(i.rt_dispatch)
    rt_dly_wait                              0x00001b95   Thumb Code     6  rt_time.o(i.rt_dly_wait)
    rt_evt_psh                               0x00001b9d   Thumb Code    76  rt_event.o(i.rt_evt_psh)
    rt_free_box                              0x00001bed   Thumb Code    44  rt_membox.o(i.rt_free_box)
    rt_free_mem                              0x00001c19   Thumb Code    40  rt_memory.o(i.rt_free_mem)
    rt_get_first                             0x00001c41   Thumb Code    40  rt_list.o(i.rt_get_first)
    rt_get_same_rdy_prio                     0x00001c69   Thumb Code    26  rt_list.o(i.rt_get_same_rdy_prio)
    rt_init_mem                              0x00001cdd   Thumb Code    26  rt_memory.o(i.rt_init_mem)
    rt_init_robin                            0x00001cf7   Thumb Code     2  rtx_conf_cm.o(i.rt_init_robin)
    rt_init_stack                            0x00001cf9   Thumb Code   118  hal_cm.o(i.rt_init_stack)
    rt_mbx_check                             0x00001d79   Thumb Code     8  rt_mailbox.o(i.rt_mbx_check)
    rt_mbx_init                              0x00001d81   Thumb Code    26  rt_mailbox.o(i.rt_mbx_init)
    rt_mbx_psh                               0x00001d9d   Thumb Code   236  rt_mailbox.o(i.rt_mbx_psh)
    rt_mbx_wait                              0x00001e8d   Thumb Code   174  rt_mailbox.o(i.rt_mbx_wait)
    rt_pop_req                               0x00001f85   Thumb Code   112  rt_system.o(i.rt_pop_req)
    rt_psh_req                               0x00002001   Thumb Code    22  rt_system.o(i.rt_psh_req)
    rt_psq_enq                               0x00002021   Thumb Code    88  rt_list.o(i.rt_psq_enq)
    rt_put_dly                               0x0000207d   Thumb Code    68  rt_list.o(i.rt_put_dly)
    rt_put_prio                              0x000020c5   Thumb Code    54  rt_list.o(i.rt_put_prio)
    rt_put_rdy_first                         0x000020fd   Thumb Code    14  rt_list.o(i.rt_put_rdy_first)
    rt_resort_prio                           0x00002111   Thumb Code    46  rt_list.o(i.rt_resort_prio)
    rt_ret_val                               0x00002145   Thumb Code     6  hal_cm.o(i.rt_ret_val)
    rt_ret_val2                              0x0000214b   Thumb Code     8  hal_cm.o(i.rt_ret_val2)
    rt_rmv_dly                               0x00002153   Thumb Code    40  rt_list.o(i.rt_rmv_dly)
    rt_rmv_list                              0x0000217d   Thumb Code    44  rt_list.o(i.rt_rmv_list)
    rt_sem_psh                               0x000021ad   Thumb Code    48  rt_semaphore.o(i.rt_sem_psh)
    rt_stk_check                             0x000021e1   Thumb Code    28  rt_system.o(i.rt_stk_check)
    rt_switch_req                            0x00002205   Thumb Code    30  rt_task.o(i.rt_switch_req)
    rt_sys_init                              0x0000222d   Thumb Code   138  rt_task.o(i.rt_sys_init)
    rt_sys_start                             0x000022f9   Thumb Code   110  rt_task.o(i.rt_sys_start)
    rt_systick                               0x00002371   Thumb Code    50  rt_system.o(i.rt_systick)
    rt_tsk_create                            0x000023f9   Thumb Code   118  rt_task.o(i.rt_tsk_create)
    rt_tsk_delete                            0x00002481   Thumb Code   352  rt_task.o(i.rt_tsk_delete)
    rt_tsk_pass                              0x000025fd   Thumb Code    38  rt_task.o(i.rt_tsk_pass)
    rt_tsk_prio                              0x0000262d   Thumb Code   108  rt_task.o(i.rt_tsk_prio)
    rt_tsk_self                              0x000026a9   Thumb Code    12  rt_task.o(i.rt_tsk_self)
    sqrt                                     0x000026b9   Thumb Code    76  sqrt.o(i.sqrt)
    svcDelay                                 0x00002705   Thumb Code    18  rt_cmsis.o(i.svcDelay)
    svcKernelInitialize                      0x00002719   Thumb Code    80  rt_cmsis.o(i.svcKernelInitialize)
    svcKernelStart                           0x00002789   Thumb Code    62  rt_cmsis.o(i.svcKernelStart)
    svcMessageCreate                         0x000027d1   Thumb Code    36  rt_cmsis.o(i.svcMessageCreate)
    svcMessageGet                            0x000027f5   Thumb Code    58  rt_cmsis.o(i.svcMessageGet)
    svcThreadCreate                          0x00002831   Thumb Code    96  rt_cmsis.o(i.svcThreadCreate)
    svcThreadGetId                           0x0000289d   Thumb Code    22  rt_cmsis.o(i.svcThreadGetId)
    svcThreadTerminate                       0x000028b9   Thumb Code    50  rt_cmsis.o(i.svcThreadTerminate)
    svcThreadYield                           0x000028f1   Thumb Code    10  rt_cmsis.o(i.svcThreadYield)
    svcTimerCall                             0x000028fb   Thumb Code    24  rt_cmsis.o(i.svcTimerCall)
    sysTimerTick                             0x00002915   Thumb Code    84  rt_cmsis.o(i.sysTimerTick)
    os_thread_def_ThreadA                    0x00002970   Data          16  thread.o(.constdata)
    os_thread_def_ThreadB                    0x00002980   Data          16  thread.o(.constdata)
    os_thread_def_ThreadC                    0x00002990   Data          16  thread.o(.constdata)
    os_thread_def_ThreadD                    0x000029a0   Data          16  thread.o(.constdata)
    os_thread_def_ThreadE                    0x000029b0   Data          16  thread.o(.constdata)
    os_maxtaskrun                            0x000029c0   Data           2  rtx_conf_cm.o(.constdata)
    os_stackinfo                             0x000029c4   Data           4  rtx_conf_cm.o(.constdata)
    os_rrobin                                0x000029c8   Data           4  rtx_conf_cm.o(.constdata)
    os_tickfreq                              0x000029cc   Data           4  rtx_conf_cm.o(.constdata)
    os_tickus_i                              0x000029d0   Data           2  rtx_conf_cm.o(.constdata)
    os_tickus_f                              0x000029d2   Data           2  rtx_conf_cm.o(.constdata)
    os_trv                                   0x000029d4   Data           4  rtx_conf_cm.o(.constdata)
    os_flags                                 0x000029d8   Data           1  rtx_conf_cm.o(.constdata)
    CMSIS_RTOS_API_Version                   0x000029dc   Data           4  rtx_conf_cm.o(.constdata)
    CMSIS_RTOS_RTX_Version                   0x000029e0   Data           4  rtx_conf_cm.o(.constdata)
    os_clockrate                             0x000029e4   Data           4  rtx_conf_cm.o(.constdata)
    os_timernum                              0x000029e8   Data           4  rtx_conf_cm.o(.constdata)
    mp_tcb_size                              0x000029ec   Data           2  rtx_conf_cm.o(.constdata)
    mp_stk_size                              0x000029f0   Data           4  rtx_conf_cm.o(.constdata)
    os_stack_sz                              0x000029f4   Data           4  rtx_conf_cm.o(.constdata)
    os_fifo_size                             0x000029f8   Data           1  rtx_conf_cm.o(.constdata)
    os_thread_def_osTimerThread              0x000029fc   Data          16  rtx_conf_cm.o(.constdata)
    os_messageQ_def_osTimerMessageQ          0x00002a0c   Data           8  rtx_conf_cm.o(.constdata)
    mp_tmr_size                              0x00002a14   Data           2  rtx_conf_cm.o(.constdata)
    os_thread_def_main                       0x00002a18   Data          16  rtx_conf_cm.o(.constdata)
    __mathlib_zero                           0x00002ab0   Data           8  qnan.o(.constdata)
    Region$$Table$$Base                      0x00002ab8   Number         0  anon$$obj.o(Region$$Table)
    Region$$Table$$Limit                     0x00002ad8   Number         0  anon$$obj.o(Region$$Table)
    tAcount                                  0x10000000   Data           8  thread.o(.data)
    tBcount                                  0x10000008   Data           8  thread.o(.data)
    tCcount                                  0x10000010   Data           8  thread.o(.data)
    tEcount                                  0x10000018   Data           8  thread.o(.data)
    tDcount                                  0x10000020   Data           8  thread.o(.data)
    x                                        0x10000028   Data           4  thread.o(.data)
    n                                        0x1000002c   Data           4  thread.o(.data)
    nc                                       0x10000030   Data           4  thread.o(.data)
    g                                        0x10000034   Data           4  thread.o(.data)
    b                                        0x10000038   Data           4  thread.o(.data)
    e                                        0x1000003c   Data           4  thread.o(.data)
    r                                        0x10000040   Data           4  thread.o(.data)
    tid_Thread                               0x10000044   Data           4  thread.o(.data)
    tid2_Thread                              0x10000048   Data           4  thread.o(.data)
    tid3_Thread                              0x1000004c   Data           4  thread.o(.data)
    tid4_Thread                              0x10000050   Data           4  thread.o(.data)
    tid5_Thread                              0x10000054   Data           4  thread.o(.data)
    osThreadId_osTimerThread                 0x10000058   Data           4  rtx_conf_cm.o(.data)
    osMessageQId_osTimerMessageQ             0x1000005c   Data           4  rtx_conf_cm.o(.data)
    os_tmr                                   0x10000060   Data           4  rtx_conf_cm.o(.data)
    m_tmr                                    0x10000064   Data           4  rtx_conf_cm.o(.data)
    os_initialized                           0x10000068   Data           1  rt_cmsis.o(.data)
    os_running                               0x10000069   Data           1  rt_cmsis.o(.data)
    os_timer_head                            0x1000006c   Data           4  rt_cmsis.o(.data)
    os_tsk                                   0x10000070   Data           8  rt_task.o(.data)
    os_tick_irqn                             0x1000007c   Data           4  rt_system.o(.data)
    os_time                                  0x10000080   Data           4  rt_time.o(.data)
    dbg_msg                                  0x10000084   Data           1  hal_cm.o(.data)
    mp_tcb                                   0x10000090   Data         376  rtx_conf_cm.o(.bss)
    mp_stk                                   0x10000208   Data       24592  rtx_conf_cm.o(.bss)
    os_stack_mem                             0x10006218   Data        4328  rtx_conf_cm.o(.bss)
    os_fifo                                  0x10007300   Data         132  rtx_conf_cm.o(.bss)
    os_active_TCB                            0x10007384   Data          28  rtx_conf_cm.o(.bss)
    os_messageQ_q_osTimerMessageQ            0x100073a0   Data          32  rtx_conf_cm.o(.bss)
    os_idle_TCB                              0x100073c0   Data          52  rt_task.o(.bss)
    os_rdy                                   0x100073f4   Data          24  rt_list.o(.bss)
    os_dly                                   0x1000740c   Data          24  rt_list.o(.bss)
    __initial_sp                             0x10007628   Data           0  startup_lpc17xx.o(STACK)



==============================================================================

Memory Map of the image

  Image Entry point : 0x00000225

  Load Region LR_1 (Base: 0x00000000, Size: 0x00002b64, Max: 0xffffffff, ABSOLUTE)

    Execution Region ER_RO (Exec base: 0x00000000, Load base: 0x00000000, Size: 0x00002ad8, Max: 0xffffffff, ABSOLUTE)

    Exec Addr    Load Addr    Size         Type   Attr      Idx    E Section Name        Object

    0x00000000   0x00000000   0x000000cc   Data   RO          137    RESET               startup_lpc17xx.o
    0x000000cc   0x000000cc   0x00000000   Code   RO         1422  * .ARM.Collect$$$$00000000  mc_w.l(entry.o)
    0x000000cc   0x000000cc   0x00000004   Code   RO         1462    .ARM.Collect$$$$00000001  mc_w.l(entry2.o)
    0x000000d0   0x000000d0   0x00000004   Code   RO         1465    .ARM.Collect$$$$00000004  mc_w.l(entry5.o)
    0x000000d4   0x000000d4   0x00000000   Code   RO         1467    .ARM.Collect$$$$00000008  mc_w.l(entry7b.o)
    0x000000d4   0x000000d4   0x00000000   Code   RO         1469    .ARM.Collect$$$$0000000A  mc_w.l(entry8b.o)
    0x000000d4   0x000000d4   0x00000004   Code   RO         1475    .ARM.Collect$$$$0000000E  mc_w.l(entry12b.o)
    0x000000d8   0x000000d8   0x00000000   Code   RO         1470    .ARM.Collect$$$$0000000F  mc_w.l(entry10a.o)
    0x000000d8   0x000000d8   0x00000000   Code   RO         1472    .ARM.Collect$$$$00000011  mc_w.l(entry11a.o)
    0x000000d8   0x000000d8   0x00000018   Code   RO           88    .ARM.Collect$$$$000000FF  rtx_conf_cm.o
    0x000000f0   0x000000f0   0x00000004   Code   RO         1463    .ARM.Collect$$$$00002712  mc_w.l(entry2.o)
    0x000000f4   0x000000f4   0x00000130   Code   RO         1399    .emb_text           RTX_CM3.lib(hal_cm3.o)
    0x00000224   0x00000224   0x00000024   Code   RO          139  * .text               startup_lpc17xx.o
    0x00000248   0x00000248   0x00000022   Code   RO         1433    .text               mf_w.l(dflti.o)
    0x0000026a   0x0000026a   0x0000001e   Code   RO         1476    .text               mc_w.l(llshl.o)
    0x00000288   0x00000288   0x00000020   Code   RO         1478    .text               mc_w.l(llushr.o)
    0x000002a8   0x000002a8   0x00000024   Code   RO         1480    .text               mc_w.l(llsshr.o)
    0x000002cc   0x000002cc   0x00000000   Code   RO         1489    .text               mc_w.l(iusefp.o)
    0x000002cc   0x000002cc   0x0000002e   Code   RO         1492    .text               mf_w.l(dscalb.o)
    0x000002fa   0x000002fa   0x00000002   Code   RO         1505    i.__scatterload_null  mc_w.l(handlers.o)
    0x000002fc   0x000002fc   0x00000004   Code   RO          138    .ARM.__at_0x02FC    startup_lpc17xx.o
    0x00000300   0x00000300   0x0000014e   Code   RO         1427    .text               mf_w.l(dadd.o)
    0x0000044e   0x0000044e   0x000000e4   Code   RO         1429    .text               mf_w.l(dmul.o)
    0x00000532   0x00000532   0x000000de   Code   RO         1431    .text               mf_w.l(ddiv.o)
    0x00000610   0x00000610   0x000000ba   Code   RO         1490    .text               mf_w.l(depilogue.o)
    0x000006ca   0x000006ca   0x00000002   PAD
    0x000006cc   0x000006cc   0x00000030   Code   RO         1494    .text               mf_w.l(cdrcmple.o)
    0x000006fc   0x000006fc   0x00000024   Code   RO         1496    .text               mc_w.l(init.o)
    0x00000720   0x00000720   0x000000a2   Code   RO         1498    .text               mf_w.l(dsqrt.o)
    0x000007c2   0x000007c2   0x00000002   PAD
    0x000007c4   0x000007c4   0x00000004   Code   RO         1409    SVC_TABLE           RTX_CM3.lib(svc_table.o)
    0x000007c8   0x000007c8   0x00000078   Code   RO           28    i.Init_Thread       thread.o
    0x00000840   0x00000840   0x00000140   Code   RO          150    i.SystemInit        system_lpc17xx.o
    0x00000980   0x00000980   0x00000058   Code   RO           29    i.ThreadA           thread.o
    0x000009d8   0x000009d8   0x00000078   Code   RO           30    i.ThreadB           thread.o
    0x00000a50   0x00000a50   0x0000006c   Code   RO           31    i.ThreadC           thread.o
    0x00000abc   0x00000abc   0x0000007c   Code   RO           32    i.ThreadD           thread.o
    0x00000b38   0x00000b38   0x0000008c   Code   RO           33    i.ThreadE           thread.o
    0x00000bc4   0x00000bc4   0x00000028   Code   RO         1449    i.__ARM_fpclassify  m_ws.l(fpclassify.o)
    0x00000bec   0x00000bec   0x000000aa   Code   RO         1451    i.__kernel_poly     m_ws.l(poly.o)
    0x00000c96   0x00000c96   0x00000002   PAD
    0x00000c98   0x00000c98   0x00000010   Code   RO         1435    i.__mathlib_dbl_divzero  m_ws.l(dunder.o)
    0x00000ca8   0x00000ca8   0x00000004   Code   RO         1437    i.__mathlib_dbl_infnan2  m_ws.l(dunder.o)
    0x00000cac   0x00000cac   0x0000000c   Code   RO         1438    i.__mathlib_dbl_invalid  m_ws.l(dunder.o)
    0x00000cb8   0x00000cb8   0x0000000e   Code   RO         1439    i.__mathlib_dbl_overflow  m_ws.l(dunder.o)
    0x00000cc6   0x00000cc6   0x00000002   PAD
    0x00000cc8   0x00000cc8   0x00000010   Code   RO         1441    i.__mathlib_dbl_underflow  m_ws.l(dunder.o)
    0x00000cd8   0x00000cd8   0x0000000e   Code   RO         1504    i.__scatterload_copy  mc_w.l(handlers.o)
    0x00000ce6   0x00000ce6   0x0000000e   Code   RO         1506    i.__scatterload_zeroinit  mc_w.l(handlers.o)
    0x00000cf4   0x00000cf4   0x0000000c   Code   RO         1484    i.__set_errno       mc_w.l(errno.o)
    0x00000d00   0x00000d00   0x00000046   Code   RO         1277    i._init_box         RTX_CM3.lib(rt_membox.o)
    0x00000d46   0x00000d46   0x00000002   PAD
    0x00000d48   0x00000d48   0x00000030   Code   RO         1330    i.dbg_init          RTX_CM3.lib(hal_cm.o)
    0x00000d78   0x00000d78   0x00000020   Code   RO         1331    i.dbg_task_notify   RTX_CM3.lib(hal_cm.o)
    0x00000d98   0x00000d98   0x00000010   Code   RO         1332    i.dbg_task_switch   RTX_CM3.lib(hal_cm.o)
    0x00000da8   0x00000da8   0x00000034   Code   RO           34    i.fact              thread.o
    0x00000ddc   0x00000ddc   0x0000002a   Code   RO          204    i.isrMessageGet     RTX_CM3.lib(rt_cmsis.o)
    0x00000e06   0x00000e06   0x0000002c   Code   RO          205    i.isrMessagePut     RTX_CM3.lib(rt_cmsis.o)
    0x00000e32   0x00000e32   0x00000002   PAD
    0x00000e34   0x00000e34   0x00000056   Code   RO         1123    i.isr_mbx_receive   RTX_CM3.lib(rt_mailbox.o)
    0x00000e8a   0x00000e8a   0x0000000e   Code   RO         1124    i.isr_mbx_send      RTX_CM3.lib(rt_mailbox.o)
    0x00000e98   0x00000e98   0x0000001a   Code   RO            1    i.main              main.o
    0x00000eb2   0x00000eb2   0x00000002   PAD
    0x00000eb4   0x00000eb4   0x00000018   Code   RO          208    i.osDelay           RTX_CM3.lib(rt_cmsis.o)
    0x00000ecc   0x00000ecc   0x00000024   Code   RO          209    i.osKernelInitialize  RTX_CM3.lib(rt_cmsis.o)
    0x00000ef0   0x00000ef0   0x0000006c   Code   RO          211    i.osKernelStart     RTX_CM3.lib(rt_cmsis.o)
    0x00000f5c   0x00000f5c   0x00000018   Code   RO          220    i.osMessageGet      RTX_CM3.lib(rt_cmsis.o)
    0x00000f74   0x00000f74   0x0000002c   Code   RO          237    i.osThreadCreate    RTX_CM3.lib(rt_cmsis.o)
    0x00000fa0   0x00000fa0   0x00000018   Code   RO          238    i.osThreadExit      RTX_CM3.lib(rt_cmsis.o)
    0x00000fb8   0x00000fb8   0x00000018   Code   RO          242    i.osThreadTerminate  RTX_CM3.lib(rt_cmsis.o)
    0x00000fd0   0x00000fd0   0x00000018   Code   RO          243    i.osThreadYield     RTX_CM3.lib(rt_cmsis.o)
    0x00000fe8   0x00000fe8   0x0000000c   Code   RO          244    i.osTimerCall       RTX_CM3.lib(rt_cmsis.o)
    0x00000ff4   0x00000ff4   0x0000002c   Code   RO          249    i.osTimerThread     RTX_CM3.lib(rt_cmsis.o)
    0x00001020   0x00001020   0x00000022   Code   RO           89    i.os_error          rtx_conf_cm.o
    0x00001042   0x00001042   0x00000004   Code   RO           90    i.os_idle_demon     rtx_conf_cm.o
    0x00001046   0x00001046   0x00000002   PAD
    0x00001048   0x00001048   0x00000028   Code   RO          911    i.os_tick_init      RTX_CM3.lib(rt_system.o)
    0x00001070   0x00001070   0x00000002   Code   RO          912    i.os_tick_irqack    RTX_CM3.lib(rt_system.o)
    0x00001072   0x00001072   0x00000002   PAD
    0x00001074   0x00001074   0x000009d8   Code   RO         1413    i.pow               m_ws.l(pow.o)
    0x00001a4c   0x00001a4c   0x0000001a   Code   RO         1278    i.rt_alloc_box      RTX_CM3.lib(rt_membox.o)
    0x00001a66   0x00001a66   0x0000003e   Code   RO         1306    i.rt_alloc_mem      RTX_CM3.lib(rt_memory.o)
    0x00001aa4   0x00001aa4   0x00000038   Code   RO          826    i.rt_block          RTX_CM3.lib(rt_task.o)
    0x00001adc   0x00001adc   0x00000002   Code   RO           91    i.rt_chk_robin      rtx_conf_cm.o
    0x00001ade   0x00001ade   0x00000002   PAD
    0x00001ae0   0x00001ae0   0x00000070   Code   RO         1047    i.rt_dec_dly        RTX_CM3.lib(rt_list.o)
    0x00001b50   0x00001b50   0x00000044   Code   RO          827    i.rt_dispatch       RTX_CM3.lib(rt_task.o)
    0x00001b94   0x00001b94   0x00000006   Code   RO         1213    i.rt_dly_wait       RTX_CM3.lib(rt_time.o)
    0x00001b9a   0x00001b9a   0x00000002   PAD
    0x00001b9c   0x00001b9c   0x00000050   Code   RO         1004    i.rt_evt_psh        RTX_CM3.lib(rt_event.o)
    0x00001bec   0x00001bec   0x0000002c   Code   RO         1279    i.rt_free_box       RTX_CM3.lib(rt_membox.o)
    0x00001c18   0x00001c18   0x00000028   Code   RO         1307    i.rt_free_mem       RTX_CM3.lib(rt_memory.o)
    0x00001c40   0x00001c40   0x00000028   Code   RO         1048    i.rt_get_first      RTX_CM3.lib(rt_list.o)
    0x00001c68   0x00001c68   0x00000024   Code   RO         1049    i.rt_get_same_rdy_prio  RTX_CM3.lib(rt_list.o)
    0x00001c8c   0x00001c8c   0x00000008   Code   RO          254    i.rt_id2obj         RTX_CM3.lib(rt_cmsis.o)
    0x00001c94   0x00001c94   0x00000048   Code   RO          828    i.rt_init_context   RTX_CM3.lib(rt_task.o)
    0x00001cdc   0x00001cdc   0x0000001a   Code   RO         1308    i.rt_init_mem       RTX_CM3.lib(rt_memory.o)
    0x00001cf6   0x00001cf6   0x00000002   Code   RO           92    i.rt_init_robin     rtx_conf_cm.o
    0x00001cf8   0x00001cf8   0x00000080   Code   RO         1333    i.rt_init_stack     RTX_CM3.lib(hal_cm.o)
    0x00001d78   0x00001d78   0x00000008   Code   RO         1125    i.rt_mbx_check      RTX_CM3.lib(rt_mailbox.o)
    0x00001d80   0x00001d80   0x0000001a   Code   RO         1126    i.rt_mbx_init       RTX_CM3.lib(rt_mailbox.o)
    0x00001d9a   0x00001d9a   0x00000002   PAD
    0x00001d9c   0x00001d9c   0x000000f0   Code   RO         1127    i.rt_mbx_psh        RTX_CM3.lib(rt_mailbox.o)
    0x00001e8c   0x00001e8c   0x000000b4   Code   RO         1129    i.rt_mbx_wait       RTX_CM3.lib(rt_mailbox.o)
    0x00001f40   0x00001f40   0x00000044   Code   RO          255    i.rt_ms2tick        RTX_CM3.lib(rt_cmsis.o)
    0x00001f84   0x00001f84   0x0000007c   Code   RO          915    i.rt_pop_req        RTX_CM3.lib(rt_system.o)
    0x00002000   0x00002000   0x00000020   Code   RO          916    i.rt_psh_req        RTX_CM3.lib(rt_system.o)
    0x00002020   0x00002020   0x0000005c   Code   RO         1050    i.rt_psq_enq        RTX_CM3.lib(rt_list.o)
    0x0000207c   0x0000207c   0x00000048   Code   RO         1051    i.rt_put_dly        RTX_CM3.lib(rt_list.o)
    0x000020c4   0x000020c4   0x00000036   Code   RO         1052    i.rt_put_prio       RTX_CM3.lib(rt_list.o)
    0x000020fa   0x000020fa   0x00000002   PAD
    0x000020fc   0x000020fc   0x00000014   Code   RO         1053    i.rt_put_rdy_first  RTX_CM3.lib(rt_list.o)
    0x00002110   0x00002110   0x00000034   Code   RO         1054    i.rt_resort_prio    RTX_CM3.lib(rt_list.o)
    0x00002144   0x00002144   0x00000006   Code   RO         1334    i.rt_ret_val        RTX_CM3.lib(hal_cm.o)
    0x0000214a   0x0000214a   0x00000008   Code   RO         1335    i.rt_ret_val2       RTX_CM3.lib(hal_cm.o)
    0x00002152   0x00002152   0x00000028   Code   RO         1055    i.rt_rmv_dly        RTX_CM3.lib(rt_list.o)
    0x0000217a   0x0000217a   0x00000002   PAD
    0x0000217c   0x0000217c   0x00000030   Code   RO         1056    i.rt_rmv_list       RTX_CM3.lib(rt_list.o)
    0x000021ac   0x000021ac   0x00000034   Code   RO         1174    i.rt_sem_psh        RTX_CM3.lib(rt_semaphore.o)
    0x000021e0   0x000021e0   0x00000024   Code   RO          918    i.rt_stk_check      RTX_CM3.lib(rt_system.o)
    0x00002204   0x00002204   0x00000028   Code   RO          829    i.rt_switch_req     RTX_CM3.lib(rt_task.o)
    0x0000222c   0x0000222c   0x000000cc   Code   RO          830    i.rt_sys_init       RTX_CM3.lib(rt_task.o)
    0x000022f8   0x000022f8   0x00000078   Code   RO          831    i.rt_sys_start      RTX_CM3.lib(rt_task.o)
    0x00002370   0x00002370   0x00000040   Code   RO          920    i.rt_systick        RTX_CM3.lib(rt_system.o)
    0x000023b0   0x000023b0   0x00000012   Code   RO          256    i.rt_tid2ptcb       RTX_CM3.lib(rt_cmsis.o)
    0x000023c2   0x000023c2   0x00000002   PAD
    0x000023c4   0x000023c4   0x00000034   Code   RO          257    i.rt_timer_insert   RTX_CM3.lib(rt_cmsis.o)
    0x000023f8   0x000023f8   0x00000088   Code   RO          832    i.rt_tsk_create     RTX_CM3.lib(rt_task.o)
    0x00002480   0x00002480   0x0000017c   Code   RO          833    i.rt_tsk_delete     RTX_CM3.lib(rt_task.o)
    0x000025fc   0x000025fc   0x00000030   Code   RO          834    i.rt_tsk_pass       RTX_CM3.lib(rt_task.o)
    0x0000262c   0x0000262c   0x0000007c   Code   RO          835    i.rt_tsk_prio       RTX_CM3.lib(rt_task.o)
    0x000026a8   0x000026a8   0x00000010   Code   RO          836    i.rt_tsk_self       RTX_CM3.lib(rt_task.o)
    0x000026b8   0x000026b8   0x0000004c   Code   RO         1455    i.sqrt              m_ws.l(sqrt.o)
    0x00002704   0x00002704   0x00000012   Code   RO          259    i.svcDelay          RTX_CM3.lib(rt_cmsis.o)
    0x00002716   0x00002716   0x00000002   PAD
    0x00002718   0x00002718   0x00000070   Code   RO          260    i.svcKernelInitialize  RTX_CM3.lib(rt_cmsis.o)
    0x00002788   0x00002788   0x00000048   Code   RO          262    i.svcKernelStart    RTX_CM3.lib(rt_cmsis.o)
    0x000027d0   0x000027d0   0x00000024   Code   RO          265    i.svcMessageCreate  RTX_CM3.lib(rt_cmsis.o)
    0x000027f4   0x000027f4   0x0000003a   Code   RO          266    i.svcMessageGet     RTX_CM3.lib(rt_cmsis.o)
    0x0000282e   0x0000282e   0x00000002   PAD
    0x00002830   0x00002830   0x0000006c   Code   RO          280    i.svcThreadCreate   RTX_CM3.lib(rt_cmsis.o)
    0x0000289c   0x0000289c   0x0000001c   Code   RO          281    i.svcThreadGetId    RTX_CM3.lib(rt_cmsis.o)
    0x000028b8   0x000028b8   0x00000038   Code   RO          284    i.svcThreadTerminate  RTX_CM3.lib(rt_cmsis.o)
    0x000028f0   0x000028f0   0x0000000a   Code   RO          285    i.svcThreadYield    RTX_CM3.lib(rt_cmsis.o)
    0x000028fa   0x000028fa   0x00000018   Code   RO          286    i.svcTimerCall      RTX_CM3.lib(rt_cmsis.o)
    0x00002912   0x00002912   0x00000002   PAD
    0x00002914   0x00002914   0x0000005c   Code   RO          295    i.sysTimerTick      RTX_CM3.lib(rt_cmsis.o)
    0x00002970   0x00002970   0x00000050   Data   RO           35    .constdata          thread.o
    0x000029c0   0x000029c0   0x00000068   Data   RO           94    .constdata          rtx_conf_cm.o
    0x00002a28   0x00002a28   0x00000088   Data   RO         1414    .constdata          m_ws.l(pow.o)
    0x00002ab0   0x00002ab0   0x00000008   Data   RO         1453    .constdata          m_ws.l(qnan.o)
    0x00002ab8   0x00002ab8   0x00000020   Data   RO         1502    Region$$Table       anon$$obj.o


    Execution Region ER_RW (Exec base: 0x10000000, Load base: 0x00002ad8, Size: 0x0000008c, Max: 0xffffffff, ABSOLUTE)

    Exec Addr    Load Addr    Size         Type   Attr      Idx    E Section Name        Object

    0x10000000   0x00002ad8   0x00000058   Data   RW           36    .data               thread.o
    0x10000058   0x00002b30   0x00000010   Data   RW           95    .data               rtx_conf_cm.o
    0x10000068   0x00002b40   0x00000008   Data   RW          298    .data               RTX_CM3.lib(rt_cmsis.o)
    0x10000070   0x00002b48   0x00000008   Data   RW          838    .data               RTX_CM3.lib(rt_task.o)
    0x10000078   0x00002b50   0x00000008   Data   RW          923    .data               RTX_CM3.lib(rt_system.o)
    0x10000080   0x00002b58   0x00000004   Data   RW         1217    .data               RTX_CM3.lib(rt_time.o)
    0x10000084   0x00002b5c   0x00000001   Data   RW         1336    .data               RTX_CM3.lib(hal_cm.o)
    0x10000085   0x00002b5d   0x00000003   PAD
    0x10000088   0x00002b60   0x00000004   Data   RW         1485    .data               mc_w.l(errno.o)


    Execution Region ER_ZI (Exec base: 0x1000008c, Load base: 0x00002b64, Size: 0x0000759c, Max: 0xffffffff, ABSOLUTE)

    Exec Addr    Load Addr    Size         Type   Attr      Idx    E Section Name        Object

    0x1000008c   0x00002b64   0x00000004   PAD
    0x10000090        -       0x00007330   Zero   RW           93    .bss                rtx_conf_cm.o
    0x100073c0        -       0x00000034   Zero   RW          837    .bss                RTX_CM3.lib(rt_task.o)
    0x100073f4        -       0x00000030   Zero   RW         1057    .bss                RTX_CM3.lib(rt_list.o)
    0x10007424   0x00002b64   0x00000004   PAD
    0x10007428        -       0x00000200   Zero   RW          135    STACK               startup_lpc17xx.o


==============================================================================

Image component sizes


      Code (inc. data)   RO Data    RW Data    ZI Data      Debug   Object Name

        26          0          0          0          0       9033   main.o
        66          6        104         16      29488       8555   rtx_conf_cm.o
        40         12        204          0        512       1016   startup_lpc17xx.o
       320         18          0          0          0        569   system_lpc17xx.o
       752        126         80         88          0       4857   thread.o

    ----------------------------------------------------------------------
      1210        162        420        104      30000      24030   Object Totals
         0          0         32          0          0          0   (incl. Generated)
         6          0          0          0          0          0   (incl. Padding)

    ----------------------------------------------------------------------

      Code (inc. data)   RO Data    RW Data    ZI Data      Debug   Library Member Name

       238         24          0          1          0       3244   hal_cm.o
       304         36          0          0          0        756   hal_cm3.o
      1210        156          0          8          0      34987   rt_cmsis.o
        80          4          0          0          0        649   rt_event.o
       566         44          0          0         48       8688   rt_list.o
       554         10          0          0          0       3889   rt_mailbox.o
       140          0          0          0          0       1889   rt_membox.o
       128          0          0          0          0       2267   rt_memory.o
        52          4          0          0          0        565   rt_semaphore.o
       298         52          0          8          0       6139   rt_system.o
      1264        184          0          8         52      10023   rt_task.o
         6          0          0          4          0        636   rt_time.o
         4          4          0          0          0        196   svc_table.o
        62         10          0          0          0        340   dunder.o
        40          0          0          0          0         68   fpclassify.o
       170          0          0          0          0         96   poly.o
      2520        190        136          0          0        324   pow.o
         0          0          8          0          0          0   qnan.o
        76          0          0          0          0         84   sqrt.o
         0          0          0          0          0          0   entry.o
         0          0          0          0          0          0   entry10a.o
         0          0          0          0          0          0   entry11a.o
         4          0          0          0          0          0   entry12b.o
         8          4          0          0          0          0   entry2.o
         4          0          0          0          0          0   entry5.o
         0          0          0          0          0          0   entry7b.o
         0          0          0          0          0          0   entry8b.o
        12          6          0          4          0         68   errno.o
        30          0          0          0          0          0   handlers.o
        36          8          0          0          0         68   init.o
         0          0          0          0          0          0   iusefp.o
        30          0          0          0          0         68   llshl.o
        36          0          0          0          0         68   llsshr.o
        32          0          0          0          0         68   llushr.o
        48          0          0          0          0         68   cdrcmple.o
       334          0          0          0          0        148   dadd.o
       222          0          0          0          0        100   ddiv.o
       186          0          0          0          0        176   depilogue.o
        34          0          0          0          0         76   dflti.o
       228          0          0          0          0         96   dmul.o
        46          0          0          0          0         80   dscalb.o
       162          0          0          0          0        100   dsqrt.o

    ----------------------------------------------------------------------
      9194        736        144         36        108      76024   Library Totals
        30          0          0          3          8          0   (incl. Padding)

    ----------------------------------------------------------------------

      Code (inc. data)   RO Data    RW Data    ZI Data      Debug   Library Name

      4844        518          0         29        100      73928   RTX_CM3.lib
      2868        200        144          0          0        912   m_ws.l
       192         18          0          4          0        340   mc_w.l
      1260          0          0          0          0        844   mf_w.l

    ----------------------------------------------------------------------
      9194        736        144         36        108      76024   Library Totals

    ----------------------------------------------------------------------

==============================================================================


      Code (inc. data)   RO Data    RW Data    ZI Data      Debug   

     10404        898        564        140      30108      94850   Grand Totals
     10404        898        564        140      30108      94850   ELF Image Totals
     10404        898        564        140          0          0   ROM Totals

==============================================================================

    Total RO  Size (Code + RO Data)                10968 (  10.71kB)
    Total RW  Size (RW Data + ZI Data)             30248 (  29.54kB)
    Total ROM Size (Code + RO Data + RW Data)      11108 (  10.85kB)

==============================================================================

